112.200.69.35 - Anonymous [14/Oct/2014:03:14:14 -0400] "GET /++resource++zenui/js/deploy/zenoss-compiled.js HTTP/1.1" 304 230 "http://ec2-54-211-251-78.compute-1.amazonaws.com:8080/zport/dmd/Dashboard" "Mozilla/5.0 (Windows NT 6.3; WOW64) AppleWebKit/537.36 (KHTML, like Gecko) Chrome/37.0.2062.124 Safari/537.36"
112.200.81.206 - Anonymous [14/Oct/2014:03:14:14 -0400] "POST /zport/dmd/jobs_router HTTP/1.1" 200 365 "http://ec2-54-211-251-78.compute-1.amazonaws.com:8080/zport/dmd/itinfrastructure" "Mozilla/5.0 (Macintosh; Intel Mac OS X 10_9_5) AppleWebKit/537.36 (KHTML, like Gecko) Chrome/38.0.2125.101 Safari/537.36"
112.200.69.35 - Anonymous [14/Oct/2014:03:14:15 -0400] "GET /zport/dmd/i18n.js?v=4.2.5 HTTP/1.1" 200 203 "http://ec2-54-211-251-78.compute-1.amazonaws.com:8080/zport/dmd/Dashboard" "Mozilla/5.0 (Windows NT 6.3; WOW64) AppleWebKit/537.36 (KHTML, like Gecko) Chrome/37.0.2062.124 Safari/537.36"
112.200.69.35 - Anonymous [14/Oct/2014:03:14:16 -0400] "GET /++resource++zenui/css/backcompat.css?v=1394581109.0 HTTP/1.1" 304 228 "http://ec2-54-211-251-78.compute-1.amazonaws.com:8080/zport/dmd/Dashboard" "Mozilla/5.0 (Windows NT 6.3; WOW64) AppleWebKit/537.36 (KHTML, like Gecko) Chrome/37.0.2062.124 Safari/537.36"
112.200.69.35 - Anonymous [14/Oct/2014:03:14:16 -0400] "GET /zport/dmd/yui/yahoo-dom-event/yahoo-dom-event.js?_dc=425 HTTP/1.1" 304 124 "http://ec2-54-211-251-78.compute-1.amazonaws.com:8080/zport/dmd/Dashboard" "Mozilla/5.0 (Windows NT 6.3; WOW64) AppleWebKit/537.36 (KHTML, like Gecko) Chrome/37.0.2062.124 Safari/537.36"
112.200.69.35 - Anonymous [14/Oct/2014:03:14:16 -0400] "GET /zport/dmd/tooltips.js HTTP/1.1" 200 248 "http://ec2-54-211-251-78.compute-1.amazonaws.com:8080/zport/dmd/Dashboard" "Mozilla/5.0 (Windows NT 6.3; WOW64) AppleWebKit/537.36 (KHTML, like Gecko) Chrome/37.0.2062.124 Safari/537.36"
112.200.69.35 - Anonymous [14/Oct/2014:03:14:16 -0400] "GET /++resource++zenui/css/backcompat.css?v=1394581109.0 HTTP/1.1" 304 228 "http://ec2-54-211-251-78.compute-1.amazonaws.com:8080/++resource++zenui/css/backcompat.css?v=1394581109.0" "Mozilla/5.0 (Windows NT 6.3; WOW64) AppleWebKit/537.36 (KHTML, like Gecko) Chrome/37.0.2062.124 Safari/537.36"
112.200.69.35 - Anonymous [14/Oct/2014:03:14:16 -0400] "GET /zport/javascript/zenoss-utils.js?_dc=425 HTTP/1.1" 304 124 "http://ec2-54-211-251-78.compute-1.amazonaws.com:8080/zport/dmd/Dashboard" "Mozilla/5.0 (Windows NT 6.3; WOW64) AppleWebKit/537.36 (KHTML, like Gecko) Chrome/37.0.2062.124 Safari/537.36"
112.200.69.35 - Anonymous [14/Oct/2014:03:14:17 -0400] "GET /zport/dmd/yui/yahoo-dom-event/yahoo-dom-event.js?_dc=425 HTTP/1.1" 304 124 "http://ec2-54-211-251-78.compute-1.amazonaws.com:8080/zport/dmd/Dashboard" "Mozilla/5.0 (Windows NT 6.3; WOW64) AppleWebKit/537.36 (KHTML, like Gecko) Chrome/37.0.2062.124 Safari/537.36"
112.200.69.35 - Anonymous [14/Oct/2014:03:14:18 -0400] "POST /zport/dmd/messaging_router HTTP/1.1" 200 361 "http://ec2-54-211-251-78.compute-1.amazonaws.com:8080/zport/dmd/Dashboard" "Mozilla/5.0 (Windows NT 6.3; WOW64) AppleWebKit/537.36 (KHTML, like Gecko) Chrome/37.0.2062.124 Safari/537.36"
112.200.69.35 - Anonymous [14/Oct/2014:03:14:19 -0400] "GET /zport/ZenPortletManager/get_source HTTP/1.1" 200 20121 "http://ec2-54-211-251-78.compute-1.amazonaws.com:8080/zport/dmd/Dashboard" "Mozilla/5.0 (Windows NT 6.3; WOW64) AppleWebKit/537.36 (KHTML, like Gecko) Chrome/37.0.2062.124 Safari/537.36"
112.200.69.35 - Anonymous [14/Oct/2014:03:14:19 -0400] "GET /zport/dmd/Locations/simpleLocationGeoMap?polling=400 HTTP/1.1" 200 1566 "http://ec2-54-211-251-78.compute-1.amazonaws.com:8080/zport/dmd/Dashboard" "Mozilla/5.0 (Windows NT 6.3; WOW64) AppleWebKit/537.36 (KHTML, like Gecko) Chrome/37.0.2062.124 Safari/537.36"
112.200.69.35 - Anonymous [14/Oct/2014:03:14:19 -0400] "POST /zport/dmd/ZenEventManager/getDeviceIssuesJSON HTTP/1.1" 200 320 "http://ec2-54-211-251-78.compute-1.amazonaws.com:8080/zport/dmd/Dashboard" "Mozilla/5.0 (Windows NT 6.3; WOW64) AppleWebKit/537.36 (KHTML, like Gecko) Chrome/37.0.2062.124 Safari/537.36"
112.200.69.35 - Anonymous [14/Oct/2014:03:14:19 -0400] "GET /zport/getOrganizerNames?dataRoot=Locations HTTP/1.1" 200 179 "http://ec2-54-211-251-78.compute-1.amazonaws.com:8080/zport/dmd/Dashboard" "Mozilla/5.0 (Windows NT 6.3; WOW64) AppleWebKit/537.36 (KHTML, like Gecko) Chrome/37.0.2062.124 Safari/537.36"
112.200.69.35 - Anonymous [14/Oct/2014:03:14:20 -0400] "POST /zport/dmd/jobs_router HTTP/1.1" 200 363 "http://ec2-54-211-251-78.compute-1.amazonaws.com:8080/zport/dmd/Dashboard" "Mozilla/5.0 (Windows NT 6.3; WOW64) AppleWebKit/537.36 (KHTML, like Gecko) Chrome/37.0.2062.124 Safari/537.36"
112.200.69.35 - Anonymous [14/Oct/2014:03:14:25 -0400] "GET /zport/dmd/Events/evconsole HTTP/1.1" 200 8251 "http://ec2-54-211-251-78.compute-1.amazonaws.com:8080/zport/dmd/Dashboard" "Mozilla/5.0 (Windows NT 6.3; WOW64) AppleWebKit/537.36 (KHTML, like Gecko) Chrome/37.0.2062.124 Safari/537.36"
112.200.81.206 - Anonymous [14/Oct/2014:03:14:25 -0400] "POST /zport/dmd/jobs_router HTTP/1.1" 200 363 "http://ec2-54-211-251-78.compute-1.amazonaws.com:8080/zport/dmd/itinfrastructure" "Mozilla/5.0 (Macintosh; Intel Mac OS X 10_9_5) AppleWebKit/537.36 (KHTML, like Gecko) Chrome/38.0.2125.101 Safari/537.36"
112.200.69.35 - Anonymous [14/Oct/2014:03:14:26 -0400] "GET /zport/dmd/Events/zenoss-all.js?v=1394581211.0 HTTP/1.1" 302 238 "http://ec2-54-211-251-78.compute-1.amazonaws.com:8080/zport/dmd/Events/evconsole" "Mozilla/5.0 (Windows NT 6.3; WOW64) AppleWebKit/537.36 (KHTML, like Gecko) Chrome/37.0.2062.124 Safari/537.36"
112.200.69.35 - Anonymous [14/Oct/2014:03:14:26 -0400] "GET /zport/dmd/Events/extdirect.js?v=4.2.5 HTTP/1.1" 200 2172 "http://ec2-54-211-251-78.compute-1.amazonaws.com:8080/zport/dmd/Events/evconsole" "Mozilla/5.0 (Windows NT 6.3; WOW64) AppleWebKit/537.36 (KHTML, like Gecko) Chrome/37.0.2062.124 Safari/537.36"
112.200.69.35 - Anonymous [14/Oct/2014:03:14:26 -0400] "GET /zport/dmd/Events/tooltips.js HTTP/1.1" 200 545 "http://ec2-54-211-251-78.compute-1.amazonaws.com:8080/zport/dmd/Events/evconsole" "Mozilla/5.0 (Windows NT 6.3; WOW64) AppleWebKit/537.36 (KHTML, like Gecko) Chrome/37.0.2062.124 Safari/537.36"
112.200.69.35 - Anonymous [14/Oct/2014:03:14:26 -0400] "GET /++resource++zenui/js/zenoss/EvConsole.js HTTP/1.1" 200 2802 "http://ec2-54-211-251-78.compute-1.amazonaws.com:8080/zport/dmd/Events/evconsole" "Mozilla/5.0 (Windows NT 6.3; WOW64) AppleWebKit/537.36 (KHTML, like Gecko) Chrome/37.0.2062.124 Safari/537.36"
112.200.69.35 - Anonymous [14/Oct/2014:03:14:26 -0400] "GET /zport/dmd/Events/i18n.js?v=4.2.5 HTTP/1.1" 200 203 "http://ec2-54-211-251-78.compute-1.amazonaws.com:8080/zport/dmd/Events/evconsole" "Mozilla/5.0 (Windows NT 6.3; WOW64) AppleWebKit/537.36 (KHTML, like Gecko) Chrome/37.0.2062.124 Safari/537.36"
112.200.69.35 - Anonymous [14/Oct/2014:03:14:27 -0400] "GET /zport/dmd/Events/extdirect.js?v=4.2.5 HTTP/1.1" 200 2172 "http://ec2-54-211-251-78.compute-1.amazonaws.com:8080/zport/dmd/Events/evconsole" "Mozilla/5.0 (Windows NT 6.3; WOW64) AppleWebKit/537.36 (KHTML, like Gecko) Chrome/37.0.2062.124 Safari/537.36"
112.200.69.35 - Anonymous [14/Oct/2014:03:14:27 -0400] "GET /zport/dmd/Events/zenoss-all.js?v=1394581211.0 HTTP/1.1" 302 238 "http://ec2-54-211-251-78.compute-1.amazonaws.com:8080/zport/dmd/Events/evconsole" "Mozilla/5.0 (Windows NT 6.3; WOW64) AppleWebKit/537.36 (KHTML, like Gecko) Chrome/37.0.2062.124 Safari/537.36"
112.200.69.35 - Anonymous [14/Oct/2014:03:14:28 -0400] "GET /zport/dmd/Events/i18n.js?v=4.2.5 HTTP/1.1" 200 203 "http://ec2-54-211-251-78.compute-1.amazonaws.com:8080/zport/dmd/Events/evconsole" "Mozilla/5.0 (Windows NT 6.3; WOW64) AppleWebKit/537.36 (KHTML, like Gecko) Chrome/37.0.2062.124 Safari/537.36"
112.200.69.35 - Anonymous [14/Oct/2014:03:14:28 -0400] "GET /++resource++zenui/img/secondarynav_sprite.png HTTP/1.1" 200 1049 "http://ec2-54-211-251-78.compute-1.amazonaws.com:8080/++resource++zenui/css/zenui3.css?v=1394581109.0" "Mozilla/5.0 (Windows NT 6.3; WOW64) AppleWebKit/537.36 (KHTML, like Gecko) Chrome/37.0.2062.124 Safari/537.36"
112.200.69.35 - Anonymous [14/Oct/2014:03:14:28 -0400] "GET /zport/dmd/Events/tooltips.js HTTP/1.1" 200 545 "http://ec2-54-211-251-78.compute-1.amazonaws.com:8080/zport/dmd/Events/evconsole" "Mozilla/5.0 (Windows NT 6.3; WOW64) AppleWebKit/537.36 (KHTML, like Gecko) Chrome/37.0.2062.124 Safari/537.36"
112.200.69.35 - Anonymous [14/Oct/2014:03:14:29 -0400] "GET /++resource++zenui/img/xtheme-zenoss/util/splitter/mini-right.gif HTTP/1.1" 200 1181 "http://ec2-54-211-251-78.compute-1.amazonaws.com:8080/++resource++zenui/css/xtheme-zenoss.css?v=1394581109.0" "Mozilla/5.0 (Windows NT 6.3; WOW64) AppleWebKit/537.36 (KHTML, like Gecko) Chrome/37.0.2062.124 Safari/537.36"
112.200.69.35 - Anonymous [14/Oct/2014:03:14:29 -0400] "GET /++resource++zenui/img/s.gif HTTP/1.1" 200 350 "http://ec2-54-211-251-78.compute-1.amazonaws.com:8080/zport/dmd/Events/evconsole" "Mozilla/5.0 (Windows NT 6.3; WOW64) AppleWebKit/537.36 (KHTML, like Gecko) Chrome/37.0.2062.124 Safari/537.36"
112.200.69.35 - Anonymous [14/Oct/2014:03:14:29 -0400] "GET /++resource++zenui/img/xtheme-zenoss/tools/tool-sprites.gif HTTP/1.1" 200 5732 "http://ec2-54-211-251-78.compute-1.amazonaws.com:8080/++resource++zenui/css/xtheme-zenoss.css?v=1394581109.0" "Mozilla/5.0 (Windows NT 6.3; WOW64) AppleWebKit/537.36 (KHTML, like Gecko) Chrome/37.0.2062.124 Safari/537.36"
112.200.69.35 - Anonymous [14/Oct/2014:03:14:30 -0400] "GET /++resource++zenui/img/xtheme-zenoss/util/splitter/mini-left.gif HTTP/1.1" 200 1180 "http://ec2-54-211-251-78.compute-1.amazonaws.com:8080/++resource++zenui/css/xtheme-zenoss.css?v=1394581109.0" "Mozilla/5.0 (Windows NT 6.3; WOW64) AppleWebKit/537.36 (KHTML, like Gecko) Chrome/37.0.2062.124 Safari/537.36"
112.200.69.35 - Anonymous [14/Oct/2014:03:14:30 -0400] "GET /++resource++zenui/img/xtheme-zenoss/button/s-arrow-noline.gif HTTP/1.1" 200 1172 "http://ec2-54-211-251-78.compute-1.amazonaws.com:8080/++resource++zenui/css/xtheme-zenoss.css?v=1394581109.0" "Mozilla/5.0 (Windows NT 6.3; WOW64) AppleWebKit/537.36 (KHTML, like Gecko) Chrome/37.0.2062.124 Safari/537.36"
112.200.69.35 - Anonymous [14/Oct/2014:03:14:30 -0400] "GET /++resource++zenui/img/xtheme-zenoss/grid/grid3-hd-btn.gif HTTP/1.1" 200 1607 "http://ec2-54-211-251-78.compute-1.amazonaws.com:8080/++resource++zenui/css/xtheme-zenoss.css?v=1394581109.0" "Mozilla/5.0 (Windows NT 6.3; WOW64) AppleWebKit/537.36 (KHTML, like Gecko) Chrome/37.0.2062.124 Safari/537.36"
112.200.69.35 - Anonymous [14/Oct/2014:03:14:30 -0400] "GET /++resource++zenui/img/xtheme-zenoss/grid/sort_desc.gif HTTP/1.1" 200 1142 "http://ec2-54-211-251-78.compute-1.amazonaws.com:8080/++resource++zenui/css/xtheme-zenoss.css?v=1394581109.0" "Mozilla/5.0 (Windows NT 6.3; WOW64) AppleWebKit/537.36 (KHTML, like Gecko) Chrome/37.0.2062.124 Safari/537.36"
112.200.69.35 - Anonymous [14/Oct/2014:03:14:30 -0400] "GET /++resource++zenui/img/xtheme-zenoss/form/date-trigger.gif HTTP/1.1" 200 1923 "http://ec2-54-211-251-78.compute-1.amazonaws.com:8080/++resource++zenui/css/xtheme-zenoss.css?v=1394581109.0" "Mozilla/5.0 (Windows NT 6.3; WOW64) AppleWebKit/537.36 (KHTML, like Gecko) Chrome/37.0.2062.124 Safari/537.36"
112.200.69.35 - Anonymous [14/Oct/2014:03:14:31 -0400] "GET /++resource++zenui/img/xtheme-zenoss/icon/severity-sprite.png HTTP/1.1" 200 4438 "http://ec2-54-211-251-78.compute-1.amazonaws.com:8080/++resource++zenui/css/zenoss.css?v=1394581109.0" "Mozilla/5.0 (Windows NT 6.3; WOW64) AppleWebKit/537.36 (KHTML, like Gecko) Chrome/37.0.2062.124 Safari/537.36"
112.200.69.35 - Anonymous [14/Oct/2014:03:14:32 -0400] "POST /zport/dmd/Events/messaging_router HTTP/1.1" 200 359 "http://ec2-54-211-251-78.compute-1.amazonaws.com:8080/zport/dmd/Events/evconsole" "Mozilla/5.0 (Windows NT 6.3; WOW64) AppleWebKit/537.36 (KHTML, like Gecko) Chrome/37.0.2062.124 Safari/537.36"
112.200.69.35 - Anonymous [14/Oct/2014:03:14:32 -0400] "POST /zport/dmd/Events/device_router HTTP/1.1" 200 528 "http://ec2-54-211-251-78.compute-1.amazonaws.com:8080/zport/dmd/Events/evconsole" "Mozilla/5.0 (Windows NT 6.3; WOW64) AppleWebKit/537.36 (KHTML, like Gecko) Chrome/37.0.2062.124 Safari/537.36"
112.200.69.35 - Anonymous [14/Oct/2014:03:14:32 -0400] "POST /zport/dmd/Events/evconsole_router HTTP/1.1" 200 601 "http://ec2-54-211-251-78.compute-1.amazonaws.com:8080/zport/dmd/Events/evconsole" "Mozilla/5.0 (Windows NT 6.3; WOW64) AppleWebKit/537.36 (KHTML, like Gecko) Chrome/37.0.2062.124 Safari/537.36"
112.200.69.35 - Anonymous [14/Oct/2014:03:14:32 -0400] "POST /zport/dmd/Events/jobs_router HTTP/1.1" 200 363 "http://ec2-54-211-251-78.compute-1.amazonaws.com:8080/zport/dmd/Events/evconsole" "Mozilla/5.0 (Windows NT 6.3; WOW64) AppleWebKit/537.36 (KHTML, like Gecko) Chrome/37.0.2062.124 Safari/537.36"
112.200.69.35 - Anonymous [14/Oct/2014:03:14:33 -0400] "POST /zport/dmd/Events/messaging_router HTTP/1.1" 200 355 "http://ec2-54-211-251-78.compute-1.amazonaws.com:8080/zport/dmd/Events/evconsole" "Mozilla/5.0 (Windows NT 6.3; WOW64) AppleWebKit/537.36 (KHTML, like Gecko) Chrome/37.0.2062.124 Safari/537.36"
112.200.69.35 - Anonymous [14/Oct/2014:03:14:36 -0400] "GET /zport/dmd/Events/triggers HTTP/1.1" 200 8137 "http://ec2-54-211-251-78.compute-1.amazonaws.com:8080/zport/dmd/Events/evconsole" "Mozilla/5.0 (Windows NT 6.3; WOW64) AppleWebKit/537.36 (KHTML, like Gecko) Chrome/37.0.2062.124 Safari/537.36"
112.200.81.206 - Anonymous [14/Oct/2014:03:14:36 -0400] "POST /zport/dmd/jobs_router HTTP/1.1" 200 362 "http://ec2-54-211-251-78.compute-1.amazonaws.com:8080/zport/dmd/itinfrastructure" "Mozilla/5.0 (Macintosh; Intel Mac OS X 10_9_5) AppleWebKit/537.36 (KHTML, like Gecko) Chrome/38.0.2125.101 Safari/537.36"
112.200.69.35 - Anonymous [14/Oct/2014:03:14:37 -0400] "GET /zport/dmd/Events/zenoss-all.js?v=1394581211.0 HTTP/1.1" 302 238 "http://ec2-54-211-251-78.compute-1.amazonaws.com:8080/zport/dmd/Events/triggers" "Mozilla/5.0 (Windows NT 6.3; WOW64) AppleWebKit/537.36 (KHTML, like Gecko) Chrome/37.0.2062.124 Safari/537.36"
112.200.69.35 - Anonymous [14/Oct/2014:03:14:37 -0400] "GET /zport/dmd/Events/extdirect.js?v=4.2.5 HTTP/1.1" 200 2172 "http://ec2-54-211-251-78.compute-1.amazonaws.com:8080/zport/dmd/Events/triggers" "Mozilla/5.0 (Windows NT 6.3; WOW64) AppleWebKit/537.36 (KHTML, like Gecko) Chrome/37.0.2062.124 Safari/537.36"
112.200.69.35 - Anonymous [14/Oct/2014:03:14:37 -0400] "GET /zport/dmd/Events/i18n.js?v=4.2.5 HTTP/1.1" 200 203 "http://ec2-54-211-251-78.compute-1.amazonaws.com:8080/zport/dmd/Events/triggers" "Mozilla/5.0 (Windows NT 6.3; WOW64) AppleWebKit/537.36 (KHTML, like Gecko) Chrome/37.0.2062.124 Safari/537.36"
112.200.69.35 - Anonymous [14/Oct/2014:03:14:37 -0400] "GET /zport/dmd/Events/tooltips.js HTTP/1.1" 200 248 "http://ec2-54-211-251-78.compute-1.amazonaws.com:8080/zport/dmd/Events/triggers" "Mozilla/5.0 (Windows NT 6.3; WOW64) AppleWebKit/537.36 (KHTML, like Gecko) Chrome/37.0.2062.124 Safari/537.36"
112.200.69.35 - Anonymous [14/Oct/2014:03:14:37 -0400] "GET /++resource++zenui/js/zenoss/triggers.js?v=1394581110.0 HTTP/1.1" 200 11986 "http://ec2-54-211-251-78.compute-1.amazonaws.com:8080/zport/dmd/Events/triggers" "Mozilla/5.0 (Windows NT 6.3; WOW64) AppleWebKit/537.36 (KHTML, like Gecko) Chrome/37.0.2062.124 Safari/537.36"
112.200.69.35 - Anonymous [14/Oct/2014:03:14:38 -0400] "GET /zport/dmd/Events/extdirect.js?v=4.2.5 HTTP/1.1" 200 2172 "http://ec2-54-211-251-78.compute-1.amazonaws.com:8080/zport/dmd/Events/triggers" "Mozilla/5.0 (Windows NT 6.3; WOW64) AppleWebKit/537.36 (KHTML, like Gecko) Chrome/37.0.2062.124 Safari/537.36"
112.200.69.35 - Anonymous [14/Oct/2014:03:14:38 -0400] "GET /zport/dmd/Events/zenoss-all.js?v=1394581211.0 HTTP/1.1" 302 238 "http://ec2-54-211-251-78.compute-1.amazonaws.com:8080/zport/dmd/Events/triggers" "Mozilla/5.0 (Windows NT 6.3; WOW64) AppleWebKit/537.36 (KHTML, like Gecko) Chrome/37.0.2062.124 Safari/537.36"
112.200.69.35 - Anonymous [14/Oct/2014:03:14:39 -0400] "GET /zport/dmd/Events/i18n.js?v=4.2.5 HTTP/1.1" 200 203 "http://ec2-54-211-251-78.compute-1.amazonaws.com:8080/zport/dmd/Events/triggers" "Mozilla/5.0 (Windows NT 6.3; WOW64) AppleWebKit/537.36 (KHTML, like Gecko) Chrome/37.0.2062.124 Safari/537.36"
112.200.69.35 - Anonymous [14/Oct/2014:03:14:39 -0400] "GET /zport/dmd/Events/tooltips.js HTTP/1.1" 200 248 "http://ec2-54-211-251-78.compute-1.amazonaws.com:8080/zport/dmd/Events/triggers" "Mozilla/5.0 (Windows NT 6.3; WOW64) AppleWebKit/537.36 (KHTML, like Gecko) Chrome/37.0.2062.124 Safari/537.36"
112.200.81.206 - Anonymous [14/Oct/2014:03:14:41 -0400] "POST /zport/dmd/device_router HTTP/1.1" 200 381 "http://ec2-54-211-251-78.compute-1.amazonaws.com:8080/zport/dmd/itinfrastructure" "Mozilla/5.0 (Macintosh; Intel Mac OS X 10_9_5) AppleWebKit/537.36 (KHTML, like Gecko) Chrome/38.0.2125.101 Safari/537.36"
112.200.81.206 - Anonymous [14/Oct/2014:03:14:41 -0400] "POST /zport/dmd/device_router HTTP/1.1" 200 448 "http://ec2-54-211-251-78.compute-1.amazonaws.com:8080/zport/dmd/itinfrastructure" "Mozilla/5.0 (Macintosh; Intel Mac OS X 10_9_5) AppleWebKit/537.36 (KHTML, like Gecko) Chrome/38.0.2125.101 Safari/537.36"
112.200.69.35 - Anonymous [14/Oct/2014:03:14:41 -0400] "GET /++resource++zenui/img/xtheme-zenoss/tree/leaf.gif HTTP/1.1" 200 350 "http://ec2-54-211-251-78.compute-1.amazonaws.com:8080/++resource++zenui/css/xtheme-zenoss.css?v=1394581109.0" "Mozilla/5.0 (Windows NT 6.3; WOW64) AppleWebKit/537.36 (KHTML, like Gecko) Chrome/37.0.2062.124 Safari/537.36"
112.200.69.35 - Anonymous [14/Oct/2014:03:14:41 -0400] "POST /zport/dmd/Events/messaging_router HTTP/1.1" 200 360 "http://ec2-54-211-251-78.compute-1.amazonaws.com:8080/zport/dmd/Events/triggers" "Mozilla/5.0 (Windows NT 6.3; WOW64) AppleWebKit/537.36 (KHTML, like Gecko) Chrome/37.0.2062.124 Safari/537.36"
112.200.69.35 - Anonymous [14/Oct/2014:03:14:41 -0400] "POST /zport/dmd/Events/triggers_router HTTP/1.1" 200 401 "http://ec2-54-211-251-78.compute-1.amazonaws.com:8080/zport/dmd/Events/triggers" "Mozilla/5.0 (Windows NT 6.3; WOW64) AppleWebKit/537.36 (KHTML, like Gecko) Chrome/37.0.2062.124 Safari/537.36"
112.200.69.35 - Anonymous [14/Oct/2014:03:14:42 -0400] "POST /zport/dmd/Events/jobs_router HTTP/1.1" 200 362 "http://ec2-54-211-251-78.compute-1.amazonaws.com:8080/zport/dmd/Events/triggers" "Mozilla/5.0 (Windows NT 6.3; WOW64) AppleWebKit/537.36 (KHTML, like Gecko) Chrome/37.0.2062.124 Safari/537.36"
112.200.69.35 - Anonymous [14/Oct/2014:03:14:43 -0400] "POST /zport/dmd/Events/triggers_router HTTP/1.1" 200 367 "http://ec2-54-211-251-78.compute-1.amazonaws.com:8080/zport/dmd/Events/triggers" "Mozilla/5.0 (Windows NT 6.3; WOW64) AppleWebKit/537.36 (KHTML, like Gecko) Chrome/37.0.2062.124 Safari/537.36"
112.200.69.35 - Anonymous [14/Oct/2014:03:14:47 -0400] "POST /zport/dmd/Events/triggers_router HTTP/1.1" 200 493 "http://ec2-54-211-251-78.compute-1.amazonaws.com:8080/zport/dmd/Events/triggers" "Mozilla/5.0 (Windows NT 6.3; WOW64) AppleWebKit/537.36 (KHTML, like Gecko) Chrome/37.0.2062.124 Safari/537.36"
112.200.81.206 - Anonymous [14/Oct/2014:03:14:47 -0400] "POST /zport/dmd/jobs_router HTTP/1.1" 200 364 "http://ec2-54-211-251-78.compute-1.amazonaws.com:8080/zport/dmd/itinfrastructure" "Mozilla/5.0 (Macintosh; Intel Mac OS X 10_9_5) AppleWebKit/537.36 (KHTML, like Gecko) Chrome/38.0.2125.101 Safari/537.36"
112.200.69.35 - Anonymous [14/Oct/2014:03:14:49 -0400] "POST /zport/dmd/Events/triggers_router HTTP/1.1" 200 494 "http://ec2-54-211-251-78.compute-1.amazonaws.com:8080/zport/dmd/Events/triggers" "Mozilla/5.0 (Windows NT 6.3; WOW64) AppleWebKit/537.36 (KHTML, like Gecko) Chrome/37.0.2062.124 Safari/537.36"
112.200.69.35 - Anonymous [14/Oct/2014:03:14:52 -0400] "POST /zport/dmd/Events/jobs_router HTTP/1.1" 200 364 "http://ec2-54-211-251-78.compute-1.amazonaws.com:8080/zport/dmd/Events/triggers" "Mozilla/5.0 (Windows NT 6.3; WOW64) AppleWebKit/537.36 (KHTML, like Gecko) Chrome/37.0.2062.124 Safari/537.36"
112.200.81.206 - Anonymous [14/Oct/2014:03:14:58 -0400] "POST /zport/dmd/jobs_router HTTP/1.1" 200 365 "http://ec2-54-211-251-78.compute-1.amazonaws.com:8080/zport/dmd/itinfrastructure" "Mozilla/5.0 (Macintosh; Intel Mac OS X 10_9_5) AppleWebKit/537.36 (KHTML, like Gecko) Chrome/38.0.2125.101 Safari/537.36"
112.200.69.35 - Anonymous [14/Oct/2014:03:15:02 -0400] "POST /zport/dmd/Events/jobs_router HTTP/1.1" 200 363 "http://ec2-54-211-251-78.compute-1.amazonaws.com:8080/zport/dmd/Events/triggers" "Mozilla/5.0 (Windows NT 6.3; WOW64) AppleWebKit/537.36 (KHTML, like Gecko) Chrome/37.0.2062.124 Safari/537.36"
112.200.69.35 - Anonymous [14/Oct/2014:03:15:10 -0400] "POST /zport/dmd/Events/messaging_router HTTP/1.1" 200 359 "http://ec2-54-211-251-78.compute-1.amazonaws.com:8080/zport/dmd/Events/triggers" "Mozilla/5.0 (Windows NT 6.3; WOW64) AppleWebKit/537.36 (KHTML, like Gecko) Chrome/37.0.2062.124 Safari/537.36"
112.200.81.206 - Anonymous [14/Oct/2014:03:15:10 -0400] "POST /zport/dmd/jobs_router HTTP/1.1" 200 364 "http://ec2-54-211-251-78.compute-1.amazonaws.com:8080/zport/dmd/itinfrastructure" "Mozilla/5.0 (Macintosh; Intel Mac OS X 10_9_5) AppleWebKit/537.36 (KHTML, like Gecko) Chrome/38.0.2125.101 Safari/537.36"
112.200.69.35 - Anonymous [14/Oct/2014:03:15:12 -0400] "POST /zport/dmd/Events/jobs_router HTTP/1.1" 200 364 "http://ec2-54-211-251-78.compute-1.amazonaws.com:8080/zport/dmd/Events/triggers" "Mozilla/5.0 (Windows NT 6.3; WOW64) AppleWebKit/537.36 (KHTML, like Gecko) Chrome/37.0.2062.124 Safari/537.36"
112.200.81.206 - Anonymous [14/Oct/2014:03:15:20 -0400] "POST /zport/dmd/jobs_router HTTP/1.1" 200 363 "http://ec2-54-211-251-78.compute-1.amazonaws.com:8080/zport/dmd/itinfrastructure" "Mozilla/5.0 (Macintosh; Intel Mac OS X 10_9_5) AppleWebKit/537.36 (KHTML, like Gecko) Chrome/38.0.2125.101 Safari/537.36"
112.200.69.35 - Anonymous [14/Oct/2014:03:15:22 -0400] "POST /zport/dmd/Events/jobs_router HTTP/1.1" 200 365 "http://ec2-54-211-251-78.compute-1.amazonaws.com:8080/zport/dmd/Events/triggers" "Mozilla/5.0 (Windows NT 6.3; WOW64) AppleWebKit/537.36 (KHTML, like Gecko) Chrome/37.0.2062.124 Safari/537.36"
112.200.81.206 - Anonymous [14/Oct/2014:03:15:31 -0400] "POST /zport/dmd/jobs_router HTTP/1.1" 200 365 "http://ec2-54-211-251-78.compute-1.amazonaws.com:8080/zport/dmd/itinfrastructure" "Mozilla/5.0 (Macintosh; Intel Mac OS X 10_9_5) AppleWebKit/537.36 (KHTML, like Gecko) Chrome/38.0.2125.101 Safari/537.36"
112.200.69.35 - Anonymous [14/Oct/2014:03:15:32 -0400] "POST /zport/dmd/Events/jobs_router HTTP/1.1" 200 363 "http://ec2-54-211-251-78.compute-1.amazonaws.com:8080/zport/dmd/Events/triggers" "Mozilla/5.0 (Windows NT 6.3; WOW64) AppleWebKit/537.36 (KHTML, like Gecko) Chrome/37.0.2062.124 Safari/537.36"
112.200.81.206 - Anonymous [14/Oct/2014:03:15:41 -0400] "POST /zport/dmd/device_router HTTP/1.1" 200 380 "http://ec2-54-211-251-78.compute-1.amazonaws.com:8080/zport/dmd/itinfrastructure" "Mozilla/5.0 (Macintosh; Intel Mac OS X 10_9_5) AppleWebKit/537.36 (KHTML, like Gecko) Chrome/38.0.2125.101 Safari/537.36"
112.200.81.206 - Anonymous [14/Oct/2014:03:15:42 -0400] "POST /zport/dmd/device_router HTTP/1.1" 200 447 "http://ec2-54-211-251-78.compute-1.amazonaws.com:8080/zport/dmd/itinfrastructure" "Mozilla/5.0 (Macintosh; Intel Mac OS X 10_9_5) AppleWebKit/537.36 (KHTML, like Gecko) Chrome/38.0.2125.101 Safari/537.36"
112.200.81.206 - Anonymous [14/Oct/2014:03:15:42 -0400] "POST /zport/dmd/jobs_router HTTP/1.1" 200 364 "http://ec2-54-211-251-78.compute-1.amazonaws.com:8080/zport/dmd/itinfrastructure" "Mozilla/5.0 (Macintosh; Intel Mac OS X 10_9_5) AppleWebKit/537.36 (KHTML, like Gecko) Chrome/38.0.2125.101 Safari/537.36"
112.200.69.35 - Anonymous [14/Oct/2014:03:15:42 -0400] "POST /zport/dmd/Events/jobs_router HTTP/1.1" 200 364 "http://ec2-54-211-251-78.compute-1.amazonaws.com:8080/zport/dmd/Events/triggers" "Mozilla/5.0 (Windows NT 6.3; WOW64) AppleWebKit/537.36 (KHTML, like Gecko) Chrome/37.0.2062.124 Safari/537.36"
112.200.69.35 - Anonymous [14/Oct/2014:03:15:52 -0400] "POST /zport/dmd/Events/jobs_router HTTP/1.1" 200 364 "http://ec2-54-211-251-78.compute-1.amazonaws.com:8080/zport/dmd/Events/triggers" "Mozilla/5.0 (Windows NT 6.3; WOW64) AppleWebKit/537.36 (KHTML, like Gecko) Chrome/37.0.2062.124 Safari/537.36"
112.200.81.206 - Anonymous [14/Oct/2014:03:15:53 -0400] "POST /zport/dmd/jobs_router HTTP/1.1" 200 363 "http://ec2-54-211-251-78.compute-1.amazonaws.com:8080/zport/dmd/itinfrastructure" "Mozilla/5.0 (Macintosh; Intel Mac OS X 10_9_5) AppleWebKit/537.36 (KHTML, like Gecko) Chrome/38.0.2125.101 Safari/537.36"
112.200.69.35 - Anonymous [14/Oct/2014:03:16:02 -0400] "POST /zport/dmd/Events/jobs_router HTTP/1.1" 200 363 "http://ec2-54-211-251-78.compute-1.amazonaws.com:8080/zport/dmd/Events/triggers" "Mozilla/5.0 (Windows NT 6.3; WOW64) AppleWebKit/537.36 (KHTML, like Gecko) Chrome/37.0.2062.124 Safari/537.36"
112.200.81.206 - Anonymous [14/Oct/2014:03:16:04 -0400] "POST /zport/dmd/jobs_router HTTP/1.1" 200 364 "http://ec2-54-211-251-78.compute-1.amazonaws.com:8080/zport/dmd/itinfrastructure" "Mozilla/5.0 (Macintosh; Intel Mac OS X 10_9_5) AppleWebKit/537.36 (KHTML, like Gecko) Chrome/38.0.2125.101 Safari/537.36"
112.200.69.35 - Anonymous [14/Oct/2014:03:16:10 -0400] "GET /++resource++zenui/img/xtheme-zenoss/sizer/sw-handle.gif HTTP/1.1" 200 1141 "http://ec2-54-211-251-78.compute-1.amazonaws.com:8080/++resource++zenui/css/xtheme-zenoss.css?v=1394581109.0" "Mozilla/5.0 (Windows NT 6.3; WOW64) AppleWebKit/537.36 (KHTML, like Gecko) Chrome/37.0.2062.124 Safari/537.36"
112.200.69.35 - Anonymous [14/Oct/2014:03:16:10 -0400] "GET /++resource++zenui/img/xtheme-zenoss/sizer/nw-handle.gif HTTP/1.1" 200 1141 "http://ec2-54-211-251-78.compute-1.amazonaws.com:8080/++resource++zenui/css/xtheme-zenoss.css?v=1394581109.0" "Mozilla/5.0 (Windows NT 6.3; WOW64) AppleWebKit/537.36 (KHTML, like Gecko) Chrome/37.0.2062.124 Safari/537.36"
112.200.69.35 - Anonymous [14/Oct/2014:03:16:10 -0400] "GET /++resource++zenui/img/xtheme-zenoss/sizer/ne-handle.gif HTTP/1.1" 200 1141 "http://ec2-54-211-251-78.compute-1.amazonaws.com:8080/++resource++zenui/css/xtheme-zenoss.css?v=1394581109.0" "Mozilla/5.0 (Windows NT 6.3; WOW64) AppleWebKit/537.36 (KHTML, like Gecko) Chrome/37.0.2062.124 Safari/537.36"
112.200.69.35 - Anonymous [14/Oct/2014:03:16:10 -0400] "GET /++resource++zenui/img/xtheme-zenoss/sizer/e-handle.gif HTTP/1.1" 200 1903 "http://ec2-54-211-251-78.compute-1.amazonaws.com:8080/++resource++zenui/css/xtheme-zenoss.css?v=1394581109.0" "Mozilla/5.0 (Windows NT 6.3; WOW64) AppleWebKit/537.36 (KHTML, like Gecko) Chrome/37.0.2062.124 Safari/537.36"
112.200.69.35 - Anonymous [14/Oct/2014:03:16:10 -0400] "GET /++resource++zenui/img/xtheme-zenoss/sizer/se-handle.gif HTTP/1.1" 200 1140 "http://ec2-54-211-251-78.compute-1.amazonaws.com:8080/++resource++zenui/css/xtheme-zenoss.css?v=1394581109.0" "Mozilla/5.0 (Windows NT 6.3; WOW64) AppleWebKit/537.36 (KHTML, like Gecko) Chrome/37.0.2062.124 Safari/537.36"
112.200.69.35 - Anonymous [14/Oct/2014:03:16:11 -0400] "GET /++resource++zenui/img/xtheme-zenoss/sizer/s-handle.gif HTTP/1.1" 200 1615 "http://ec2-54-211-251-78.compute-1.amazonaws.com:8080/++resource++zenui/css/xtheme-zenoss.css?v=1394581109.0" "Mozilla/5.0 (Windows NT 6.3; WOW64) AppleWebKit/537.36 (KHTML, like Gecko) Chrome/37.0.2062.124 Safari/537.36"
112.200.69.35 - Anonymous [14/Oct/2014:03:16:12 -0400] "POST /zport/dmd/Events/jobs_router HTTP/1.1" 200 364 "http://ec2-54-211-251-78.compute-1.amazonaws.com:8080/zport/dmd/Events/triggers" "Mozilla/5.0 (Windows NT 6.3; WOW64) AppleWebKit/537.36 (KHTML, like Gecko) Chrome/37.0.2062.124 Safari/537.36"
112.200.81.206 - Anonymous [14/Oct/2014:03:16:15 -0400] "POST /zport/dmd/jobs_router HTTP/1.1" 200 364 "http://ec2-54-211-251-78.compute-1.amazonaws.com:8080/zport/dmd/itinfrastructure" "Mozilla/5.0 (Macintosh; Intel Mac OS X 10_9_5) AppleWebKit/537.36 (KHTML, like Gecko) Chrome/38.0.2125.101 Safari/537.36"
112.200.69.35 - Anonymous [14/Oct/2014:03:16:16 -0400] "POST /zport/dmd/Events/triggers_router HTTP/1.1" 200 762 "http://ec2-54-211-251-78.compute-1.amazonaws.com:8080/zport/dmd/Events/triggers" "Mozilla/5.0 (Windows NT 6.3; WOW64) AppleWebKit/537.36 (KHTML, like Gecko) Chrome/37.0.2062.124 Safari/537.36"
112.200.69.35 - Anonymous [14/Oct/2014:03:16:16 -0400] "POST /zport/dmd/Events/triggers_router HTTP/1.1" 200 768 "http://ec2-54-211-251-78.compute-1.amazonaws.com:8080/zport/dmd/Events/triggers" "Mozilla/5.0 (Windows NT 6.3; WOW64) AppleWebKit/537.36 (KHTML, like Gecko) Chrome/37.0.2062.124 Safari/537.36"
112.200.69.35 - Anonymous [14/Oct/2014:03:16:18 -0400] "POST /zport/dmd/Events/triggers_router HTTP/1.1" 200 367 "http://ec2-54-211-251-78.compute-1.amazonaws.com:8080/zport/dmd/Events/triggers" "Mozilla/5.0 (Windows NT 6.3; WOW64) AppleWebKit/537.36 (KHTML, like Gecko) Chrome/37.0.2062.124 Safari/537.36"
112.200.69.35 - Anonymous [14/Oct/2014:03:16:19 -0400] "GET /++resource++zenui/img/xtheme-zenoss/form/checkbox.gif HTTP/1.1" 200 1794 "http://ec2-54-211-251-78.compute-1.amazonaws.com:8080/++resource++zenui/css/xtheme-zenoss.css?v=1394581109.0" "Mozilla/5.0 (Windows NT 6.3; WOW64) AppleWebKit/537.36 (KHTML, like Gecko) Chrome/37.0.2062.124 Safari/537.36"
112.200.69.35 - Anonymous [14/Oct/2014:03:16:19 -0400] "GET /++resource++zenui/img/xtheme-zenoss/tab-bar/scroll-right.gif HTTP/1.1" 404 986 "http://ec2-54-211-251-78.compute-1.amazonaws.com:8080/++resource++zenui/css/xtheme-zenoss.css?v=1394581109.0" "Mozilla/5.0 (Windows NT 6.3; WOW64) AppleWebKit/537.36 (KHTML, like Gecko) Chrome/37.0.2062.124 Safari/537.36"
112.200.69.35 - Anonymous [14/Oct/2014:03:16:19 -0400] "GET /++resource++zenui/img/xtheme-zenoss/tab-bar/scroll-left.gif HTTP/1.1" 404 986 "http://ec2-54-211-251-78.compute-1.amazonaws.com:8080/++resource++zenui/css/xtheme-zenoss.css?v=1394581109.0" "Mozilla/5.0 (Windows NT 6.3; WOW64) AppleWebKit/537.36 (KHTML, like Gecko) Chrome/37.0.2062.124 Safari/537.36"
112.200.69.35 - Anonymous [14/Oct/2014:03:16:19 -0400] "GET /++resource++zenui/img/xtheme-zenoss/form/spinner.gif HTTP/1.1" 200 2286 "http://ec2-54-211-251-78.compute-1.amazonaws.com:8080/++resource++zenui/css/xtheme-zenoss.css?v=1394581109.0" "Mozilla/5.0 (Windows NT 6.3; WOW64) AppleWebKit/537.36 (KHTML, like Gecko) Chrome/37.0.2062.124 Safari/537.36"
112.200.69.35 - Anonymous [14/Oct/2014:03:16:21 -0400] "POST /zport/dmd/Events/triggers_router HTTP/1.1" 200 512 "http://ec2-54-211-251-78.compute-1.amazonaws.com:8080/zport/dmd/Events/triggers" "Mozilla/5.0 (Windows NT 6.3; WOW64) AppleWebKit/537.36 (KHTML, like Gecko) Chrome/37.0.2062.124 Safari/537.36"
112.200.69.35 - Anonymous [14/Oct/2014:03:16:22 -0400] "POST /zport/dmd/Events/jobs_router HTTP/1.1" 200 364 "http://ec2-54-211-251-78.compute-1.amazonaws.com:8080/zport/dmd/Events/triggers" "Mozilla/5.0 (Windows NT 6.3; WOW64) AppleWebKit/537.36 (KHTML, like Gecko) Chrome/37.0.2062.124 Safari/537.36"
112.200.81.206 - Anonymous [14/Oct/2014:03:16:26 -0400] "POST /zport/dmd/jobs_router HTTP/1.1" 200 363 "http://ec2-54-211-251-78.compute-1.amazonaws.com:8080/zport/dmd/itinfrastructure" "Mozilla/5.0 (Macintosh; Intel Mac OS X 10_9_5) AppleWebKit/537.36 (KHTML, like Gecko) Chrome/38.0.2125.101 Safari/537.36"
112.200.69.35 - Anonymous [14/Oct/2014:03:16:32 -0400] "POST /zport/dmd/Events/triggers_router HTTP/1.1" 200 494 "http://ec2-54-211-251-78.compute-1.amazonaws.com:8080/zport/dmd/Events/triggers" "Mozilla/5.0 (Windows NT 6.3; WOW64) AppleWebKit/537.36 (KHTML, like Gecko) Chrome/37.0.2062.124 Safari/537.36"
112.200.69.35 - Anonymous [14/Oct/2014:03:16:32 -0400] "POST /zport/dmd/Events/jobs_router HTTP/1.1" 200 362 "http://ec2-54-211-251-78.compute-1.amazonaws.com:8080/zport/dmd/Events/triggers" "Mozilla/5.0 (Windows NT 6.3; WOW64) AppleWebKit/537.36 (KHTML, like Gecko) Chrome/37.0.2062.124 Safari/537.36"
112.200.69.35 - Anonymous [14/Oct/2014:03:16:37 -0400] "POST /zport/dmd/Events/triggers_router HTTP/1.1" 200 496 "http://ec2-54-211-251-78.compute-1.amazonaws.com:8080/zport/dmd/Events/triggers" "Mozilla/5.0 (Windows NT 6.3; WOW64) AppleWebKit/537.36 (KHTML, like Gecko) Chrome/37.0.2062.124 Safari/537.36"
112.200.81.206 - Anonymous [14/Oct/2014:03:16:37 -0400] "POST /zport/dmd/jobs_router HTTP/1.1" 200 363 "http://ec2-54-211-251-78.compute-1.amazonaws.com:8080/zport/dmd/itinfrastructure" "Mozilla/5.0 (Macintosh; Intel Mac OS X 10_9_5) AppleWebKit/537.36 (KHTML, like Gecko) Chrome/38.0.2125.101 Safari/537.36"
112.200.69.35 - Anonymous [14/Oct/2014:03:16:39 -0400] "POST /zport/dmd/Events/triggers_router HTTP/1.1" 200 1221 "http://ec2-54-211-251-78.compute-1.amazonaws.com:8080/zport/dmd/Events/triggers" "Mozilla/5.0 (Windows NT 6.3; WOW64) AppleWebKit/537.36 (KHTML, like Gecko) Chrome/37.0.2062.124 Safari/537.36"
112.200.69.35 - Anonymous [14/Oct/2014:03:16:39 -0400] "POST /zport/dmd/Events/triggers_router HTTP/1.1" 200 1333 "http://ec2-54-211-251-78.compute-1.amazonaws.com:8080/zport/dmd/Events/triggers" "Mozilla/5.0 (Windows NT 6.3; WOW64) AppleWebKit/537.36 (KHTML, like Gecko) Chrome/37.0.2062.124 Safari/537.36"
112.200.69.35 - Anonymous [14/Oct/2014:03:16:41 -0400] "POST /zport/dmd/Events/triggers_router HTTP/1.1" 200 367 "http://ec2-54-211-251-78.compute-1.amazonaws.com:8080/zport/dmd/Events/triggers" "Mozilla/5.0 (Windows NT 6.3; WOW64) AppleWebKit/537.36 (KHTML, like Gecko) Chrome/37.0.2062.124 Safari/537.36"
112.200.81.206 - Anonymous [14/Oct/2014:03:16:42 -0400] "POST /zport/dmd/device_router HTTP/1.1" 200 379 "http://ec2-54-211-251-78.compute-1.amazonaws.com:8080/zport/dmd/itinfrastructure" "Mozilla/5.0 (Macintosh; Intel Mac OS X 10_9_5) AppleWebKit/537.36 (KHTML, like Gecko) Chrome/38.0.2125.101 Safari/537.36"
112.200.69.35 - Anonymous [14/Oct/2014:03:16:43 -0400] "POST /zport/dmd/Events/triggers_router HTTP/1.1" 200 512 "http://ec2-54-211-251-78.compute-1.amazonaws.com:8080/zport/dmd/Events/triggers" "Mozilla/5.0 (Windows NT 6.3; WOW64) AppleWebKit/537.36 (KHTML, like Gecko) Chrome/37.0.2062.124 Safari/537.36"
112.200.69.35 - Anonymous [14/Oct/2014:03:16:43 -0400] "POST /zport/dmd/Events/jobs_router HTTP/1.1" 200 364 "http://ec2-54-211-251-78.compute-1.amazonaws.com:8080/zport/dmd/Events/triggers" "Mozilla/5.0 (Windows NT 6.3; WOW64) AppleWebKit/537.36 (KHTML, like Gecko) Chrome/37.0.2062.124 Safari/537.36"
112.200.81.206 - Anonymous [14/Oct/2014:03:16:43 -0400] "POST /zport/dmd/device_router HTTP/1.1" 200 449 "http://ec2-54-211-251-78.compute-1.amazonaws.com:8080/zport/dmd/itinfrastructure" "Mozilla/5.0 (Macintosh; Intel Mac OS X 10_9_5) AppleWebKit/537.36 (KHTML, like Gecko) Chrome/38.0.2125.101 Safari/537.36"
112.200.81.206 - Anonymous [14/Oct/2014:03:16:48 -0400] "POST /zport/dmd/jobs_router HTTP/1.1" 200 364 "http://ec2-54-211-251-78.compute-1.amazonaws.com:8080/zport/dmd/itinfrastructure" "Mozilla/5.0 (Macintosh; Intel Mac OS X 10_9_5) AppleWebKit/537.36 (KHTML, like Gecko) Chrome/38.0.2125.101 Safari/537.36"
112.200.69.35 - Anonymous [14/Oct/2014:03:16:53 -0400] "POST /zport/dmd/Events/jobs_router HTTP/1.1" 200 364 "http://ec2-54-211-251-78.compute-1.amazonaws.com:8080/zport/dmd/Events/triggers" "Mozilla/5.0 (Windows NT 6.3; WOW64) AppleWebKit/537.36 (KHTML, like Gecko) Chrome/37.0.2062.124 Safari/537.36"
112.200.81.206 - Anonymous [14/Oct/2014:03:16:59 -0400] "POST /zport/dmd/jobs_router HTTP/1.1" 200 363 "http://ec2-54-211-251-78.compute-1.amazonaws.com:8080/zport/dmd/itinfrastructure" "Mozilla/5.0 (Macintosh; Intel Mac OS X 10_9_5) AppleWebKit/537.36 (KHTML, like Gecko) Chrome/38.0.2125.101 Safari/537.36"
112.200.69.35 - Anonymous [14/Oct/2014:03:17:03 -0400] "POST /zport/dmd/Events/jobs_router HTTP/1.1" 200 363 "http://ec2-54-211-251-78.compute-1.amazonaws.com:8080/zport/dmd/Events/triggers" "Mozilla/5.0 (Windows NT 6.3; WOW64) AppleWebKit/537.36 (KHTML, like Gecko) Chrome/37.0.2062.124 Safari/537.36"
112.200.81.206 - Anonymous [14/Oct/2014:03:17:10 -0400] "POST /zport/dmd/jobs_router HTTP/1.1" 200 363 "http://ec2-54-211-251-78.compute-1.amazonaws.com:8080/zport/dmd/itinfrastructure" "Mozilla/5.0 (Macintosh; Intel Mac OS X 10_9_5) AppleWebKit/537.36 (KHTML, like Gecko) Chrome/38.0.2125.101 Safari/537.36"
112.200.69.35 - Anonymous [14/Oct/2014:03:17:13 -0400] "POST /zport/dmd/Events/jobs_router HTTP/1.1" 200 364 "http://ec2-54-211-251-78.compute-1.amazonaws.com:8080/zport/dmd/Events/triggers" "Mozilla/5.0 (Windows NT 6.3; WOW64) AppleWebKit/537.36 (KHTML, like Gecko) Chrome/37.0.2062.124 Safari/537.36"
112.200.81.206 - Anonymous [14/Oct/2014:03:17:21 -0400] "POST /zport/dmd/jobs_router HTTP/1.1" 200 365 "http://ec2-54-211-251-78.compute-1.amazonaws.com:8080/zport/dmd/itinfrastructure" "Mozilla/5.0 (Macintosh; Intel Mac OS X 10_9_5) AppleWebKit/537.36 (KHTML, like Gecko) Chrome/38.0.2125.101 Safari/537.36"
112.200.69.35 - Anonymous [14/Oct/2014:03:17:23 -0400] "POST /zport/dmd/Events/jobs_router HTTP/1.1" 200 363 "http://ec2-54-211-251-78.compute-1.amazonaws.com:8080/zport/dmd/Events/triggers" "Mozilla/5.0 (Windows NT 6.3; WOW64) AppleWebKit/537.36 (KHTML, like Gecko) Chrome/37.0.2062.124 Safari/537.36"
112.200.81.206 - Anonymous [14/Oct/2014:03:17:32 -0400] "POST /zport/dmd/jobs_router HTTP/1.1" 200 363 "http://ec2-54-211-251-78.compute-1.amazonaws.com:8080/zport/dmd/itinfrastructure" "Mozilla/5.0 (Macintosh; Intel Mac OS X 10_9_5) AppleWebKit/537.36 (KHTML, like Gecko) Chrome/38.0.2125.101 Safari/537.36"
112.200.69.35 - Anonymous [14/Oct/2014:03:17:33 -0400] "POST /zport/dmd/Events/jobs_router HTTP/1.1" 200 364 "http://ec2-54-211-251-78.compute-1.amazonaws.com:8080/zport/dmd/Events/triggers" "Mozilla/5.0 (Windows NT 6.3; WOW64) AppleWebKit/537.36 (KHTML, like Gecko) Chrome/37.0.2062.124 Safari/537.36"
112.200.69.35 - Anonymous [14/Oct/2014:03:17:43 -0400] "POST /zport/dmd/Events/jobs_router HTTP/1.1" 200 364 "http://ec2-54-211-251-78.compute-1.amazonaws.com:8080/zport/dmd/Events/triggers" "Mozilla/5.0 (Windows NT 6.3; WOW64) AppleWebKit/537.36 (KHTML, like Gecko) Chrome/37.0.2062.124 Safari/537.36"
112.200.81.206 - Anonymous [14/Oct/2014:03:17:44 -0400] "POST /zport/dmd/device_router HTTP/1.1" 200 379 "http://ec2-54-211-251-78.compute-1.amazonaws.com:8080/zport/dmd/itinfrastructure" "Mozilla/5.0 (Macintosh; Intel Mac OS X 10_9_5) AppleWebKit/537.36 (KHTML, like Gecko) Chrome/38.0.2125.101 Safari/537.36"
112.200.81.206 - Anonymous [14/Oct/2014:03:17:44 -0400] "POST /zport/dmd/jobs_router HTTP/1.1" 200 364 "http://ec2-54-211-251-78.compute-1.amazonaws.com:8080/zport/dmd/itinfrastructure" "Mozilla/5.0 (Macintosh; Intel Mac OS X 10_9_5) AppleWebKit/537.36 (KHTML, like Gecko) Chrome/38.0.2125.101 Safari/537.36"
112.200.81.206 - Anonymous [14/Oct/2014:03:17:44 -0400] "POST /zport/dmd/device_router HTTP/1.1" 200 450 "http://ec2-54-211-251-78.compute-1.amazonaws.com:8080/zport/dmd/itinfrastructure" "Mozilla/5.0 (Macintosh; Intel Mac OS X 10_9_5) AppleWebKit/537.36 (KHTML, like Gecko) Chrome/38.0.2125.101 Safari/537.36"
112.200.69.35 - Anonymous [14/Oct/2014:03:17:53 -0400] "POST /zport/dmd/Events/jobs_router HTTP/1.1" 200 363 "http://ec2-54-211-251-78.compute-1.amazonaws.com:8080/zport/dmd/Events/triggers" "Mozilla/5.0 (Windows NT 6.3; WOW64) AppleWebKit/537.36 (KHTML, like Gecko) Chrome/37.0.2062.124 Safari/537.36"
112.200.81.206 - Anonymous [14/Oct/2014:03:17:54 -0400] "POST /zport/dmd/jobs_router HTTP/1.1" 200 363 "http://ec2-54-211-251-78.compute-1.amazonaws.com:8080/zport/dmd/itinfrastructure" "Mozilla/5.0 (Macintosh; Intel Mac OS X 10_9_5) AppleWebKit/537.36 (KHTML, like Gecko) Chrome/38.0.2125.101 Safari/537.36"
112.200.69.35 - Anonymous [14/Oct/2014:03:18:01 -0400] "POST /zport/dmd/Events/triggers_router HTTP/1.1" 200 367 "http://ec2-54-211-251-78.compute-1.amazonaws.com:8080/zport/dmd/Events/triggers" "Mozilla/5.0 (Windows NT 6.3; WOW64) AppleWebKit/537.36 (KHTML, like Gecko) Chrome/37.0.2062.124 Safari/537.36"
112.200.69.35 - Anonymous [14/Oct/2014:03:18:03 -0400] "POST /zport/dmd/Events/triggers_router HTTP/1.1" 200 507 "http://ec2-54-211-251-78.compute-1.amazonaws.com:8080/zport/dmd/Events/triggers" "Mozilla/5.0 (Windows NT 6.3; WOW64) AppleWebKit/537.36 (KHTML, like Gecko) Chrome/37.0.2062.124 Safari/537.36"
112.200.69.35 - Anonymous [14/Oct/2014:03:18:03 -0400] "POST /zport/dmd/Events/jobs_router HTTP/1.1" 200 363 "http://ec2-54-211-251-78.compute-1.amazonaws.com:8080/zport/dmd/Events/triggers" "Mozilla/5.0 (Windows NT 6.3; WOW64) AppleWebKit/537.36 (KHTML, like Gecko) Chrome/37.0.2062.124 Safari/537.36"
112.200.81.206 - Anonymous [14/Oct/2014:03:18:05 -0400] "POST /zport/dmd/jobs_router HTTP/1.1" 200 364 "http://ec2-54-211-251-78.compute-1.amazonaws.com:8080/zport/dmd/itinfrastructure" "Mozilla/5.0 (Macintosh; Intel Mac OS X 10_9_5) AppleWebKit/537.36 (KHTML, like Gecko) Chrome/38.0.2125.101 Safari/537.36"
112.200.69.35 - Anonymous [14/Oct/2014:03:18:13 -0400] "POST /zport/dmd/Events/jobs_router HTTP/1.1" 200 362 "http://ec2-54-211-251-78.compute-1.amazonaws.com:8080/zport/dmd/Events/triggers" "Mozilla/5.0 (Windows NT 6.3; WOW64) AppleWebKit/537.36 (KHTML, like Gecko) Chrome/37.0.2062.124 Safari/537.36"
112.200.81.206 - Anonymous [14/Oct/2014:03:18:16 -0400] "POST /zport/dmd/jobs_router HTTP/1.1" 200 364 "http://ec2-54-211-251-78.compute-1.amazonaws.com:8080/zport/dmd/itinfrastructure" "Mozilla/5.0 (Macintosh; Intel Mac OS X 10_9_5) AppleWebKit/537.36 (KHTML, like Gecko) Chrome/38.0.2125.101 Safari/537.36"
112.200.69.35 - Anonymous [14/Oct/2014:03:18:23 -0400] "POST /zport/dmd/Events/jobs_router HTTP/1.1" 200 364 "http://ec2-54-211-251-78.compute-1.amazonaws.com:8080/zport/dmd/Events/triggers" "Mozilla/5.0 (Windows NT 6.3; WOW64) AppleWebKit/537.36 (KHTML, like Gecko) Chrome/37.0.2062.124 Safari/537.36"
112.200.81.206 - Anonymous [14/Oct/2014:03:18:27 -0400] "POST /zport/dmd/jobs_router HTTP/1.1" 200 364 "http://ec2-54-211-251-78.compute-1.amazonaws.com:8080/zport/dmd/itinfrastructure" "Mozilla/5.0 (Macintosh; Intel Mac OS X 10_9_5) AppleWebKit/537.36 (KHTML, like Gecko) Chrome/38.0.2125.101 Safari/537.36"
112.200.69.35 - Anonymous [14/Oct/2014:03:18:33 -0400] "POST /zport/dmd/Events/jobs_router HTTP/1.1" 200 363 "http://ec2-54-211-251-78.compute-1.amazonaws.com:8080/zport/dmd/Events/triggers" "Mozilla/5.0 (Windows NT 6.3; WOW64) AppleWebKit/537.36 (KHTML, like Gecko) Chrome/37.0.2062.124 Safari/537.36"
112.200.81.206 - Anonymous [14/Oct/2014:03:18:38 -0400] "POST /zport/dmd/jobs_router HTTP/1.1" 200 363 "http://ec2-54-211-251-78.compute-1.amazonaws.com:8080/zport/dmd/itinfrastructure" "Mozilla/5.0 (Macintosh; Intel Mac OS X 10_9_5) AppleWebKit/537.36 (KHTML, like Gecko) Chrome/38.0.2125.101 Safari/537.36"
112.200.69.35 - Anonymous [14/Oct/2014:03:18:43 -0400] "POST /zport/dmd/Events/jobs_router HTTP/1.1" 200 363 "http://ec2-54-211-251-78.compute-1.amazonaws.com:8080/zport/dmd/Events/triggers" "Mozilla/5.0 (Windows NT 6.3; WOW64) AppleWebKit/537.36 (KHTML, like Gecko) Chrome/37.0.2062.124 Safari/537.36"
112.200.81.206 - Anonymous [14/Oct/2014:03:18:45 -0400] "POST /zport/dmd/device_router HTTP/1.1" 200 379 "http://ec2-54-211-251-78.compute-1.amazonaws.com:8080/zport/dmd/itinfrastructure" "Mozilla/5.0 (Macintosh; Intel Mac OS X 10_9_5) AppleWebKit/537.36 (KHTML, like Gecko) Chrome/38.0.2125.101 Safari/537.36"
112.200.81.206 - Anonymous [14/Oct/2014:03:18:45 -0400] "POST /zport/dmd/device_router HTTP/1.1" 200 449 "http://ec2-54-211-251-78.compute-1.amazonaws.com:8080/zport/dmd/itinfrastructure" "Mozilla/5.0 (Macintosh; Intel Mac OS X 10_9_5) AppleWebKit/537.36 (KHTML, like Gecko) Chrome/38.0.2125.101 Safari/537.36"
112.200.81.206 - Anonymous [14/Oct/2014:03:18:49 -0400] "POST /zport/dmd/jobs_router HTTP/1.1" 200 363 "http://ec2-54-211-251-78.compute-1.amazonaws.com:8080/zport/dmd/itinfrastructure" "Mozilla/5.0 (Macintosh; Intel Mac OS X 10_9_5) AppleWebKit/537.36 (KHTML, like Gecko) Chrome/38.0.2125.101 Safari/537.36"
112.200.69.35 - Anonymous [14/Oct/2014:03:18:53 -0400] "POST /zport/dmd/Events/jobs_router HTTP/1.1" 200 364 "http://ec2-54-211-251-78.compute-1.amazonaws.com:8080/zport/dmd/Events/triggers" "Mozilla/5.0 (Windows NT 6.3; WOW64) AppleWebKit/537.36 (KHTML, like Gecko) Chrome/37.0.2062.124 Safari/537.36"
112.200.81.206 - Anonymous [14/Oct/2014:03:19:00 -0400] "POST /zport/dmd/jobs_router HTTP/1.1" 200 363 "http://ec2-54-211-251-78.compute-1.amazonaws.com:8080/zport/dmd/itinfrastructure" "Mozilla/5.0 (Macintosh; Intel Mac OS X 10_9_5) AppleWebKit/537.36 (KHTML, like Gecko) Chrome/38.0.2125.101 Safari/537.36"
112.200.69.35 - Anonymous [14/Oct/2014:03:19:03 -0400] "POST /zport/dmd/Events/jobs_router HTTP/1.1" 200 363 "http://ec2-54-211-251-78.compute-1.amazonaws.com:8080/zport/dmd/Events/triggers" "Mozilla/5.0 (Windows NT 6.3; WOW64) AppleWebKit/537.36 (KHTML, like Gecko) Chrome/37.0.2062.124 Safari/537.36"
112.200.81.206 - Anonymous [14/Oct/2014:03:19:11 -0400] "POST /zport/dmd/jobs_router HTTP/1.1" 200 363 "http://ec2-54-211-251-78.compute-1.amazonaws.com:8080/zport/dmd/itinfrastructure" "Mozilla/5.0 (Macintosh; Intel Mac OS X 10_9_5) AppleWebKit/537.36 (KHTML, like Gecko) Chrome/38.0.2125.101 Safari/537.36"
112.200.69.35 - Anonymous [14/Oct/2014:03:19:13 -0400] "POST /zport/dmd/Events/jobs_router HTTP/1.1" 200 364 "http://ec2-54-211-251-78.compute-1.amazonaws.com:8080/zport/dmd/Events/triggers" "Mozilla/5.0 (Windows NT 6.3; WOW64) AppleWebKit/537.36 (KHTML, like Gecko) Chrome/37.0.2062.124 Safari/537.36"
112.200.81.206 - Anonymous [14/Oct/2014:03:19:23 -0400] "POST /zport/dmd/jobs_router HTTP/1.1" 200 364 "http://ec2-54-211-251-78.compute-1.amazonaws.com:8080/zport/dmd/itinfrastructure" "Mozilla/5.0 (Macintosh; Intel Mac OS X 10_9_5) AppleWebKit/537.36 (KHTML, like Gecko) Chrome/38.0.2125.101 Safari/537.36"
112.200.69.35 - Anonymous [14/Oct/2014:03:19:23 -0400] "POST /zport/dmd/Events/jobs_router HTTP/1.1" 200 364 "http://ec2-54-211-251-78.compute-1.amazonaws.com:8080/zport/dmd/Events/triggers" "Mozilla/5.0 (Windows NT 6.3; WOW64) AppleWebKit/537.36 (KHTML, like Gecko) Chrome/37.0.2062.124 Safari/537.36"
112.200.69.35 - Anonymous [14/Oct/2014:03:19:33 -0400] "POST /zport/dmd/Events/jobs_router HTTP/1.1" 200 363 "http://ec2-54-211-251-78.compute-1.amazonaws.com:8080/zport/dmd/Events/triggers" "Mozilla/5.0 (Windows NT 6.3; WOW64) AppleWebKit/537.36 (KHTML, like Gecko) Chrome/37.0.2062.124 Safari/537.36"
112.200.81.206 - Anonymous [14/Oct/2014:03:19:33 -0400] "POST /zport/dmd/jobs_router HTTP/1.1" 200 363 "http://ec2-54-211-251-78.compute-1.amazonaws.com:8080/zport/dmd/itinfrastructure" "Mozilla/5.0 (Macintosh; Intel Mac OS X 10_9_5) AppleWebKit/537.36 (KHTML, like Gecko) Chrome/38.0.2125.101 Safari/537.36"
112.200.81.206 - Anonymous [14/Oct/2014:03:19:43 -0400] "POST /zport/dmd/jobs_router HTTP/1.1" 200 363 "http://ec2-54-211-251-78.compute-1.amazonaws.com:8080/zport/dmd/itinfrastructure" "Mozilla/5.0 (Macintosh; Intel Mac OS X 10_9_5) AppleWebKit/537.36 (KHTML, like Gecko) Chrome/38.0.2125.101 Safari/537.36"
112.200.81.206 - Anonymous [14/Oct/2014:03:19:43 -0400] "GET /zport/dmd/Events/evconsole HTTP/1.1" 200 8396 "http://ec2-54-211-251-78.compute-1.amazonaws.com:8080/zport/dmd/itinfrastructure" "Mozilla/5.0 (Macintosh; Intel Mac OS X 10_9_5) AppleWebKit/537.36 (KHTML, like Gecko) Chrome/38.0.2125.101 Safari/537.36"
112.200.69.35 - Anonymous [14/Oct/2014:03:19:43 -0400] "POST /zport/dmd/Events/jobs_router HTTP/1.1" 200 363 "http://ec2-54-211-251-78.compute-1.amazonaws.com:8080/zport/dmd/Events/triggers" "Mozilla/5.0 (Windows NT 6.3; WOW64) AppleWebKit/537.36 (KHTML, like Gecko) Chrome/37.0.2062.124 Safari/537.36"
112.200.81.206 - Anonymous [14/Oct/2014:03:19:44 -0400] "GET /zport/dmd/Events/extdirect.js?v=4.2.5 HTTP/1.1" 200 2172 "http://ec2-54-211-251-78.compute-1.amazonaws.com:8080/zport/dmd/Events/evconsole" "Mozilla/5.0 (Macintosh; Intel Mac OS X 10_9_5) AppleWebKit/537.36 (KHTML, like Gecko) Chrome/38.0.2125.101 Safari/537.36"
112.200.81.206 - Anonymous [14/Oct/2014:03:19:44 -0400] "GET /zport/dmd/Events/zenoss-all.js?v=1394581211.0 HTTP/1.1" 302 238 "http://ec2-54-211-251-78.compute-1.amazonaws.com:8080/zport/dmd/Events/evconsole" "Mozilla/5.0 (Macintosh; Intel Mac OS X 10_9_5) AppleWebKit/537.36 (KHTML, like Gecko) Chrome/38.0.2125.101 Safari/537.36"
112.200.81.206 - Anonymous [14/Oct/2014:03:19:44 -0400] "GET /zport/dmd/Events/i18n.js?v=4.2.5 HTTP/1.1" 200 203 "http://ec2-54-211-251-78.compute-1.amazonaws.com:8080/zport/dmd/Events/evconsole" "Mozilla/5.0 (Macintosh; Intel Mac OS X 10_9_5) AppleWebKit/537.36 (KHTML, like Gecko) Chrome/38.0.2125.101 Safari/537.36"
112.200.81.206 - Anonymous [14/Oct/2014:03:19:44 -0400] "GET /++resource++zenui/js/zenoss/EvConsole.js HTTP/1.1" 200 2802 "http://ec2-54-211-251-78.compute-1.amazonaws.com:8080/zport/dmd/Events/evconsole" "Mozilla/5.0 (Macintosh; Intel Mac OS X 10_9_5) AppleWebKit/537.36 (KHTML, like Gecko) Chrome/38.0.2125.101 Safari/537.36"
112.200.81.206 - Anonymous [14/Oct/2014:03:19:44 -0400] "GET /zport/dmd/Events/tooltips.js HTTP/1.1" 200 545 "http://ec2-54-211-251-78.compute-1.amazonaws.com:8080/zport/dmd/Events/evconsole" "Mozilla/5.0 (Macintosh; Intel Mac OS X 10_9_5) AppleWebKit/537.36 (KHTML, like Gecko) Chrome/38.0.2125.101 Safari/537.36"
112.200.81.206 - Anonymous [14/Oct/2014:03:19:45 -0400] "GET /++resource++zenui/img/xtheme-zenoss/util/splitter/mini-right.gif HTTP/1.1" 200 1181 "http://ec2-54-211-251-78.compute-1.amazonaws.com:8080/++resource++zenui/css/xtheme-zenoss.css?v=1394581109.0" "Mozilla/5.0 (Macintosh; Intel Mac OS X 10_9_5) AppleWebKit/537.36 (KHTML, like Gecko) Chrome/38.0.2125.101 Safari/537.36"
112.200.81.206 - Anonymous [14/Oct/2014:03:19:45 -0400] "GET /++resource++zenui/img/xtheme-zenoss/tools/tool-sprites.gif HTTP/1.1" 200 5732 "http://ec2-54-211-251-78.compute-1.amazonaws.com:8080/++resource++zenui/css/xtheme-zenoss.css?v=1394581109.0" "Mozilla/5.0 (Macintosh; Intel Mac OS X 10_9_5) AppleWebKit/537.36 (KHTML, like Gecko) Chrome/38.0.2125.101 Safari/537.36"
