112.200.81.206 - Anonymous [14/Oct/2014:03:08:15 -0400] "GET /zport/dmd/logo.png HTTP/1.1" 200 4368 "http://ec2-54-211-251-78.compute-1.amazonaws.com:8080/++resource++zenui/css/zenui3.css?v=1394581109.0" "Mozilla/5.0 (Macintosh; Intel Mac OS X 10_9_5) AppleWebKit/537.36 (KHTML, like Gecko) Chrome/38.0.2125.101 Safari/537.36"
112.200.81.206 - Anonymous [14/Oct/2014:03:08:15 -0400] "GET /++resource++zenui/img/primarynav_sprite.gif HTTP/1.1" 200 1699 "http://ec2-54-211-251-78.compute-1.amazonaws.com:8080/++resource++zenui/css/zenui3.css?v=1394581109.0" "Mozilla/5.0 (Macintosh; Intel Mac OS X 10_9_5) AppleWebKit/537.36 (KHTML, like Gecko) Chrome/38.0.2125.101 Safari/537.36"
112.200.81.206 - Anonymous [14/Oct/2014:03:08:15 -0400] "GET /zport/dmd/img/usericon.png HTTP/1.1" 200 802 "http://ec2-54-211-251-78.compute-1.amazonaws.com:8080/++resource++zenui/css/zenoss.css?v=1394581109.0" "Mozilla/5.0 (Macintosh; Intel Mac OS X 10_9_5) AppleWebKit/537.36 (KHTML, like Gecko) Chrome/38.0.2125.101 Safari/537.36"
112.200.81.206 - Anonymous [14/Oct/2014:03:08:15 -0400] "GET /++resource++zenui/img/help-icon.png HTTP/1.1" 200 3540 "http://ec2-54-211-251-78.compute-1.amazonaws.com:8080/++resource++zenui/css/zenoss.css?v=1394581109.0" "Mozilla/5.0 (Macintosh; Intel Mac OS X 10_9_5) AppleWebKit/537.36 (KHTML, like Gecko) Chrome/38.0.2125.101 Safari/537.36"
112.200.81.206 - Anonymous [14/Oct/2014:03:08:15 -0400] "GET /zport/dmd/yui/assets/skins/sam/skin.css HTTP/1.1" 200 16104 "http://ec2-54-211-251-78.compute-1.amazonaws.com:8080/zport/dmd/Dashboard?submitted=true" "Mozilla/5.0 (Macintosh; Intel Mac OS X 10_9_5) AppleWebKit/537.36 (KHTML, like Gecko) Chrome/38.0.2125.101 Safari/537.36"
112.200.81.206 - Anonymous [14/Oct/2014:03:08:15 -0400] "GET /zport/dmd/yui/yahoo-dom-event/yahoo-dom-event.js?_dc=425 HTTP/1.1" 200 10810 "http://ec2-54-211-251-78.compute-1.amazonaws.com:8080/zport/dmd/Dashboard?submitted=true" "Mozilla/5.0 (Macintosh; Intel Mac OS X 10_9_5) AppleWebKit/537.36 (KHTML, like Gecko) Chrome/38.0.2125.101 Safari/537.36"
112.200.81.206 - Anonymous [14/Oct/2014:03:08:15 -0400] "GET /++resource++zenui/img/footer_bg_tile.png HTTP/1.1" 200 5217 "http://ec2-54-211-251-78.compute-1.amazonaws.com:8080/++resource++zenui/css/zenui3.css?v=1394581109.0" "Mozilla/5.0 (Macintosh; Intel Mac OS X 10_9_5) AppleWebKit/537.36 (KHTML, like Gecko) Chrome/38.0.2125.101 Safari/537.36"
112.200.81.206 - Anonymous [14/Oct/2014:03:08:15 -0400] "GET /++resource++zenui/css/backcompat.css?v=1394581109.0 HTTP/1.1" 200 1979 "http://ec2-54-211-251-78.compute-1.amazonaws.com:8080/++resource++zenui/css/backcompat.css?v=1394581109.0" "Mozilla/5.0 (Macintosh; Intel Mac OS X 10_9_5) AppleWebKit/537.36 (KHTML, like Gecko) Chrome/38.0.2125.101 Safari/537.36"
112.200.81.206 - Anonymous [14/Oct/2014:03:08:15 -0400] "GET /++resource++zenui/img/xtheme-zenoss/button/arrow.gif HTTP/1.1" 200 1137 "http://ec2-54-211-251-78.compute-1.amazonaws.com:8080/++resource++zenui/css/xtheme-zenoss.css?v=1394581109.0" "Mozilla/5.0 (Macintosh; Intel Mac OS X 10_9_5) AppleWebKit/537.36 (KHTML, like Gecko) Chrome/38.0.2125.101 Safari/537.36"
112.200.81.206 - Anonymous [14/Oct/2014:03:08:15 -0400] "GET /zport/dmd/yui/datatable/assets/skins/sam/datatable.css HTTP/1.1" 200 1754 "http://ec2-54-211-251-78.compute-1.amazonaws.com:8080/zport/dmd/Dashboard?submitted=true" "Mozilla/5.0 (Macintosh; Intel Mac OS X 10_9_5) AppleWebKit/537.36 (KHTML, like Gecko) Chrome/38.0.2125.101 Safari/537.36"
112.200.81.206 - Anonymous [14/Oct/2014:03:08:15 -0400] "POST /zport/dmd/messaging_router HTTP/1.1" 200 361 "http://ec2-54-211-251-78.compute-1.amazonaws.com:8080/zport/dmd/Dashboard?submitted=true" "Mozilla/5.0 (Macintosh; Intel Mac OS X 10_9_5) AppleWebKit/537.36 (KHTML, like Gecko) Chrome/38.0.2125.101 Safari/537.36"
112.200.81.206 - Anonymous [14/Oct/2014:03:08:16 -0400] "GET /zport/dmd/yui/autocomplete/assets/skins/sam/autocomplete.css HTTP/1.1" 200 754 "http://ec2-54-211-251-78.compute-1.amazonaws.com:8080/zport/dmd/Dashboard?submitted=true" "Mozilla/5.0 (Macintosh; Intel Mac OS X 10_9_5) AppleWebKit/537.36 (KHTML, like Gecko) Chrome/38.0.2125.101 Safari/537.36"
112.200.81.206 - Anonymous [14/Oct/2014:03:08:16 -0400] "GET /zport/javascript/zenoss-utils.js?_dc=425 HTTP/1.1" 200 8946 "http://ec2-54-211-251-78.compute-1.amazonaws.com:8080/zport/dmd/Dashboard?submitted=true" "Mozilla/5.0 (Macintosh; Intel Mac OS X 10_9_5) AppleWebKit/537.36 (KHTML, like Gecko) Chrome/38.0.2125.101 Safari/537.36"
112.200.81.206 - Anonymous [14/Oct/2014:03:08:16 -0400] "GET /zport/dmd/yui/dragdrop/dragdrop-min.js?_dc=425 HTTP/1.1" 200 7335 "http://ec2-54-211-251-78.compute-1.amazonaws.com:8080/zport/dmd/Dashboard?submitted=true" "Mozilla/5.0 (Macintosh; Intel Mac OS X 10_9_5) AppleWebKit/537.36 (KHTML, like Gecko) Chrome/38.0.2125.101 Safari/537.36"
112.200.81.206 - Anonymous [14/Oct/2014:03:08:17 -0400] "GET /++resource++zenui/img/ext4/icon/icon-sprite.png HTTP/1.1" 200 38137 "http://ec2-54-211-251-78.compute-1.amazonaws.com:8080/++resource++zenui/css/xtheme-zenoss.css?v=1394581109.0" "Mozilla/5.0 (Macintosh; Intel Mac OS X 10_9_5) AppleWebKit/537.36 (KHTML, like Gecko) Chrome/38.0.2125.101 Safari/537.36"
112.200.81.206 - Anonymous [14/Oct/2014:03:08:17 -0400] "GET /zport/dmd/yui/animation/animation-min.js?_dc=425 HTTP/1.1" 200 4971 "http://ec2-54-211-251-78.compute-1.amazonaws.com:8080/zport/dmd/Dashboard?submitted=true" "Mozilla/5.0 (Macintosh; Intel Mac OS X 10_9_5) AppleWebKit/537.36 (KHTML, like Gecko) Chrome/38.0.2125.101 Safari/537.36"
112.200.69.35 - Anonymous [14/Oct/2014:03:08:17 -0400] "POST /zport/dmd/jobs_router HTTP/1.1" 200 363 "http://ec2-54-211-251-78.compute-1.amazonaws.com:8080/zport/dmd/Dashboard" "Mozilla/5.0 (Windows NT 6.3; WOW64) AppleWebKit/537.36 (KHTML, like Gecko) Chrome/37.0.2062.124 Safari/537.36"
112.200.81.206 - Anonymous [14/Oct/2014:03:08:18 -0400] "GET /zport/dmd/yui/datasource/datasource-min.js?_dc=425 HTTP/1.1" 200 7699 "http://ec2-54-211-251-78.compute-1.amazonaws.com:8080/zport/dmd/Dashboard?submitted=true" "Mozilla/5.0 (Macintosh; Intel Mac OS X 10_9_5) AppleWebKit/537.36 (KHTML, like Gecko) Chrome/38.0.2125.101 Safari/537.36"
112.200.81.206 - Anonymous [14/Oct/2014:03:08:19 -0400] "POST /zport/dmd/jobs_router HTTP/1.1" 200 362 "http://ec2-54-211-251-78.compute-1.amazonaws.com:8080/zport/dmd/Dashboard?submitted=true" "Mozilla/5.0 (Macintosh; Intel Mac OS X 10_9_5) AppleWebKit/537.36 (KHTML, like Gecko) Chrome/38.0.2125.101 Safari/537.36"
112.200.81.206 - Anonymous [14/Oct/2014:03:08:19 -0400] "GET /zport/dmd/yui/element/element-beta-min.js?_dc=425 HTTP/1.1" 200 2731 "http://ec2-54-211-251-78.compute-1.amazonaws.com:8080/zport/dmd/Dashboard?submitted=true" "Mozilla/5.0 (Macintosh; Intel Mac OS X 10_9_5) AppleWebKit/537.36 (KHTML, like Gecko) Chrome/38.0.2125.101 Safari/537.36"
112.200.81.206 - Anonymous [14/Oct/2014:03:08:20 -0400] "GET /++resource++zenui/img/ext4/icon/circle_arrows_still.png HTTP/1.1" 200 1514 "http://ec2-54-211-251-78.compute-1.amazonaws.com:8080/++resource++zenui/css/xtheme-zenoss.css?v=1394581109.0" "Mozilla/5.0 (Macintosh; Intel Mac OS X 10_9_5) AppleWebKit/537.36 (KHTML, like Gecko) Chrome/38.0.2125.101 Safari/537.36"
112.200.81.206 - Anonymous [14/Oct/2014:03:08:21 -0400] "GET /zport/dmd/yui/datatable/datatable-min.js?_dc=425 HTTP/1.1" 200 30703 "http://ec2-54-211-251-78.compute-1.amazonaws.com:8080/zport/dmd/Dashboard?submitted=true" "Mozilla/5.0 (Macintosh; Intel Mac OS X 10_9_5) AppleWebKit/537.36 (KHTML, like Gecko) Chrome/38.0.2125.101 Safari/537.36"
112.200.81.206 - Anonymous [14/Oct/2014:03:08:22 -0400] "GET /zport/dmd/yui/container/container-min.js?_dc=425 HTTP/1.1" 200 19275 "http://ec2-54-211-251-78.compute-1.amazonaws.com:8080/zport/dmd/Dashboard?submitted=true" "Mozilla/5.0 (Macintosh; Intel Mac OS X 10_9_5) AppleWebKit/537.36 (KHTML, like Gecko) Chrome/38.0.2125.101 Safari/537.36"
112.200.81.206 - Anonymous [14/Oct/2014:03:08:23 -0400] "GET /zport/dmd/yui/button/button-min.js?_dc=425 HTTP/1.1" 200 8166 "http://ec2-54-211-251-78.compute-1.amazonaws.com:8080/zport/dmd/Dashboard?submitted=true" "Mozilla/5.0 (Macintosh; Intel Mac OS X 10_9_5) AppleWebKit/537.36 (KHTML, like Gecko) Chrome/38.0.2125.101 Safari/537.36"
112.200.81.206 - Anonymous [14/Oct/2014:03:08:24 -0400] "GET /zport/dmd/yui/autocomplete/autocomplete-min.js?_dc=425 HTTP/1.1" 200 7183 "http://ec2-54-211-251-78.compute-1.amazonaws.com:8080/zport/dmd/Dashboard?submitted=true" "Mozilla/5.0 (Macintosh; Intel Mac OS X 10_9_5) AppleWebKit/537.36 (KHTML, like Gecko) Chrome/38.0.2125.101 Safari/537.36"
112.200.81.206 - Anonymous [14/Oct/2014:03:08:26 -0400] "GET /zport/dmd/javascript/zenautocomplete.js?_dc=425 HTTP/1.1" 200 1759 "http://ec2-54-211-251-78.compute-1.amazonaws.com:8080/zport/dmd/Dashboard?submitted=true" "Mozilla/5.0 (Macintosh; Intel Mac OS X 10_9_5) AppleWebKit/537.36 (KHTML, like Gecko) Chrome/38.0.2125.101 Safari/537.36"
112.200.69.35 - Anonymous [14/Oct/2014:03:08:27 -0400] "POST /zport/dmd/jobs_router HTTP/1.1" 200 364 "http://ec2-54-211-251-78.compute-1.amazonaws.com:8080/zport/dmd/Dashboard" "Mozilla/5.0 (Windows NT 6.3; WOW64) AppleWebKit/537.36 (KHTML, like Gecko) Chrome/37.0.2062.124 Safari/537.36"
112.200.81.206 - Anonymous [14/Oct/2014:03:08:27 -0400] "GET /zport/dmd/javascript/portlet.js?_dc=425 HTTP/1.1" 200 8168 "http://ec2-54-211-251-78.compute-1.amazonaws.com:8080/zport/dmd/Dashboard?submitted=true" "Mozilla/5.0 (Macintosh; Intel Mac OS X 10_9_5) AppleWebKit/537.36 (KHTML, like Gecko) Chrome/38.0.2125.101 Safari/537.36"
112.200.81.206 - Anonymous [14/Oct/2014:03:08:28 -0400] "GET /zport/ZenPortletManager/get_source HTTP/1.1" 200 20121 "http://ec2-54-211-251-78.compute-1.amazonaws.com:8080/zport/dmd/Dashboard?submitted=true" "Mozilla/5.0 (Macintosh; Intel Mac OS X 10_9_5) AppleWebKit/537.36 (KHTML, like Gecko) Chrome/38.0.2125.101 Safari/537.36"
112.200.81.206 - Anonymous [14/Oct/2014:03:08:29 -0400] "GET /++resource++zenui/img/xtheme-zenoss/grid/grid3-hrow.png HTTP/1.1" 200 5205 "http://ec2-54-211-251-78.compute-1.amazonaws.com:8080/++resource++zenui/css/backcompat.css?v=1394581109.0" "Mozilla/5.0 (Macintosh; Intel Mac OS X 10_9_5) AppleWebKit/537.36 (KHTML, like Gecko) Chrome/38.0.2125.101 Safari/537.36"
112.200.81.206 - Anonymous [14/Oct/2014:03:08:29 -0400] "GET /zport/portal_skins/img/titlebar_left_corner.png HTTP/1.1" 200 3734 "http://ec2-54-211-251-78.compute-1.amazonaws.com:8080/zport/portal_skins/zenoss.css" "Mozilla/5.0 (Macintosh; Intel Mac OS X 10_9_5) AppleWebKit/537.36 (KHTML, like Gecko) Chrome/38.0.2125.101 Safari/537.36"
112.200.81.206 - Anonymous [14/Oct/2014:03:08:29 -0400] "GET /zport/portal_skins/img/titlebar_right_corner.png HTTP/1.1" 200 3777 "http://ec2-54-211-251-78.compute-1.amazonaws.com:8080/zport/portal_skins/zenoss.css" "Mozilla/5.0 (Macintosh; Intel Mac OS X 10_9_5) AppleWebKit/537.36 (KHTML, like Gecko) Chrome/38.0.2125.101 Safari/537.36"
112.200.81.206 - Anonymous [14/Oct/2014:03:08:29 -0400] "GET /zport/dmd/Locations/simpleLocationGeoMap?polling=400 HTTP/1.1" 200 1566 "http://ec2-54-211-251-78.compute-1.amazonaws.com:8080/zport/dmd/Dashboard?submitted=true" "Mozilla/5.0 (Macintosh; Intel Mac OS X 10_9_5) AppleWebKit/537.36 (KHTML, like Gecko) Chrome/38.0.2125.101 Safari/537.36"
112.200.81.206 - Anonymous [14/Oct/2014:03:08:29 -0400] "GET /++resource++zenui/css/++resource++zenui/img/xtheme-zenoss/icon/icon-sprite.png HTTP/1.1" 200 38137 "http://ec2-54-211-251-78.compute-1.amazonaws.com:8080/++resource++zenui/css/backcompat.css?v=1394581109.0" "Mozilla/5.0 (Macintosh; Intel Mac OS X 10_9_5) AppleWebKit/537.36 (KHTML, like Gecko) Chrome/38.0.2125.101 Safari/537.36"
112.200.81.206 - Anonymous [14/Oct/2014:03:08:29 -0400] "GET /zport/getOrganizerNames?dataRoot=Locations HTTP/1.1" 200 179 "http://ec2-54-211-251-78.compute-1.amazonaws.com:8080/zport/dmd/Dashboard?submitted=true" "Mozilla/5.0 (Macintosh; Intel Mac OS X 10_9_5) AppleWebKit/537.36 (KHTML, like Gecko) Chrome/38.0.2125.101 Safari/537.36"
112.200.81.206 - Anonymous [14/Oct/2014:03:08:29 -0400] "POST /zport/dmd/ZenEventManager/getDeviceIssuesJSON HTTP/1.1" 200 320 "http://ec2-54-211-251-78.compute-1.amazonaws.com:8080/zport/dmd/Dashboard?submitted=true" "Mozilla/5.0 (Macintosh; Intel Mac OS X 10_9_5) AppleWebKit/537.36 (KHTML, like Gecko) Chrome/38.0.2125.101 Safari/537.36"
112.200.81.206 - Anonymous [14/Oct/2014:03:08:29 -0400] "GET /zport/dmd/Locations/js/MochiKit.js HTTP/1.1" 200 44023 "http://ec2-54-211-251-78.compute-1.amazonaws.com:8080/zport/dmd/Locations/simpleLocationGeoMap?polling=400" "Mozilla/5.0 (Macintosh; Intel Mac OS X 10_9_5) AppleWebKit/537.36 (KHTML, like Gecko) Chrome/38.0.2125.101 Safari/537.36"
112.200.81.206 - Anonymous [14/Oct/2014:03:08:29 -0400] "GET /zport/dmd/Locations/css/zenoss.css HTTP/1.1" 200 7271 "http://ec2-54-211-251-78.compute-1.amazonaws.com:8080/zport/dmd/Locations/simpleLocationGeoMap?polling=400" "Mozilla/5.0 (Macintosh; Intel Mac OS X 10_9_5) AppleWebKit/537.36 (KHTML, like Gecko) Chrome/38.0.2125.101 Safari/537.36"
112.200.81.206 - Anonymous [14/Oct/2014:03:08:29 -0400] "GET /zport/dmd/Locations/css/geomap.css HTTP/1.1" 200 596 "http://ec2-54-211-251-78.compute-1.amazonaws.com:8080/zport/dmd/Locations/simpleLocationGeoMap?polling=400" "Mozilla/5.0 (Macintosh; Intel Mac OS X 10_9_5) AppleWebKit/537.36 (KHTML, like Gecko) Chrome/38.0.2125.101 Safari/537.36"
112.200.81.206 - Anonymous [14/Oct/2014:03:08:29 -0400] "GET /++resource++zenui/css/zenoss.css HTTP/1.1" 200 6938 "http://ec2-54-211-251-78.compute-1.amazonaws.com:8080/zport/dmd/Locations/simpleLocationGeoMap?polling=400" "Mozilla/5.0 (Macintosh; Intel Mac OS X 10_9_5) AppleWebKit/537.36 (KHTML, like Gecko) Chrome/38.0.2125.101 Safari/537.36"
112.200.81.206 - Anonymous [14/Oct/2014:03:08:30 -0400] "POST /zport/dmd/jobs_router HTTP/1.1" 200 362 "http://ec2-54-211-251-78.compute-1.amazonaws.com:8080/zport/dmd/Dashboard?submitted=true" "Mozilla/5.0 (Macintosh; Intel Mac OS X 10_9_5) AppleWebKit/537.36 (KHTML, like Gecko) Chrome/38.0.2125.101 Safari/537.36"
112.200.81.206 - Anonymous [14/Oct/2014:03:08:31 -0400] "GET /zport/dmd/Locations/css/img/mapbg.png HTTP/1.1" 200 127644 "http://ec2-54-211-251-78.compute-1.amazonaws.com:8080/zport/dmd/Locations/css/geomap.css" "Mozilla/5.0 (Macintosh; Intel Mac OS X 10_9_5) AppleWebKit/537.36 (KHTML, like Gecko) Chrome/38.0.2125.101 Safari/537.36"
112.200.81.206 - Anonymous [14/Oct/2014:03:08:31 -0400] "GET /zport/dmd/Locations/simpleLocationGeoMap?polling=400 HTTP/1.1" 200 1566 "http://ec2-54-211-251-78.compute-1.amazonaws.com:8080/zport/dmd/Dashboard?submitted=true" "Mozilla/5.0 (Macintosh; Intel Mac OS X 10_9_5) AppleWebKit/537.36 (KHTML, like Gecko) Chrome/38.0.2125.101 Safari/537.36"
112.200.81.206 - Anonymous [14/Oct/2014:03:08:32 -0400] "GET /zport/dmd/Locations/css/img/mapbg.png HTTP/1.1" 200 127644 "http://ec2-54-211-251-78.compute-1.amazonaws.com:8080/zport/dmd/Locations/css/geomap.css" "Mozilla/5.0 (Macintosh; Intel Mac OS X 10_9_5) AppleWebKit/537.36 (KHTML, like Gecko) Chrome/38.0.2125.101 Safari/537.36"
112.200.81.206 - Anonymous [14/Oct/2014:03:08:35 -0400] "GET /zport/dmd/itinfrastructure HTTP/1.1" 200 8291 "http://ec2-54-211-251-78.compute-1.amazonaws.com:8080/zport/dmd/Dashboard?submitted=true" "Mozilla/5.0 (Macintosh; Intel Mac OS X 10_9_5) AppleWebKit/537.36 (KHTML, like Gecko) Chrome/38.0.2125.101 Safari/537.36"
112.200.81.206 - Anonymous [14/Oct/2014:03:08:36 -0400] "GET /zport/dmd/zenoss-all.js?v=1394581211.0 HTTP/1.1" 302 238 "http://ec2-54-211-251-78.compute-1.amazonaws.com:8080/zport/dmd/itinfrastructure" "Mozilla/5.0 (Macintosh; Intel Mac OS X 10_9_5) AppleWebKit/537.36 (KHTML, like Gecko) Chrome/38.0.2125.101 Safari/537.36"
112.200.81.206 - Anonymous [14/Oct/2014:03:08:36 -0400] "GET /zport/dmd/extdirect.js?v=4.2.5 HTTP/1.1" 200 2172 "http://ec2-54-211-251-78.compute-1.amazonaws.com:8080/zport/dmd/itinfrastructure" "Mozilla/5.0 (Macintosh; Intel Mac OS X 10_9_5) AppleWebKit/537.36 (KHTML, like Gecko) Chrome/38.0.2125.101 Safari/537.36"
112.200.81.206 - Anonymous [14/Oct/2014:03:08:36 -0400] "GET /zport/dmd/i18n.js?v=4.2.5 HTTP/1.1" 200 203 "http://ec2-54-211-251-78.compute-1.amazonaws.com:8080/zport/dmd/itinfrastructure" "Mozilla/5.0 (Macintosh; Intel Mac OS X 10_9_5) AppleWebKit/537.36 (KHTML, like Gecko) Chrome/38.0.2125.101 Safari/537.36"
112.200.81.206 - Anonymous [14/Oct/2014:03:08:36 -0400] "GET /++resource++zenui/js/zenoss/itinfrastructure.js?v=1394581110.0 HTTP/1.1" 200 13923 "http://ec2-54-211-251-78.compute-1.amazonaws.com:8080/zport/dmd/itinfrastructure" "Mozilla/5.0 (Macintosh; Intel Mac OS X 10_9_5) AppleWebKit/537.36 (KHTML, like Gecko) Chrome/38.0.2125.101 Safari/537.36"
112.200.81.206 - Anonymous [14/Oct/2014:03:08:36 -0400] "GET /zport/dmd/tooltips.js HTTP/1.1" 200 467 "http://ec2-54-211-251-78.compute-1.amazonaws.com:8080/zport/dmd/itinfrastructure" "Mozilla/5.0 (Macintosh; Intel Mac OS X 10_9_5) AppleWebKit/537.36 (KHTML, like Gecko) Chrome/38.0.2125.101 Safari/537.36"
112.200.81.206 - Anonymous [14/Oct/2014:03:08:36 -0400] "GET /++resource++zenui/img/secondarynav_sprite.png HTTP/1.1" 200 1049 "http://ec2-54-211-251-78.compute-1.amazonaws.com:8080/++resource++zenui/css/zenui3.css?v=1394581109.0" "Mozilla/5.0 (Macintosh; Intel Mac OS X 10_9_5) AppleWebKit/537.36 (KHTML, like Gecko) Chrome/38.0.2125.101 Safari/537.36"
112.200.81.206 - Anonymous [14/Oct/2014:03:08:37 -0400] "GET /++resource++zenui/img/xtheme-zenoss/form/exclamation.gif HTTP/1.1" 200 1305 "http://ec2-54-211-251-78.compute-1.amazonaws.com:8080/++resource++zenui/css/xtheme-zenoss.css?v=1394581109.0" "Mozilla/5.0 (Macintosh; Intel Mac OS X 10_9_5) AppleWebKit/537.36 (KHTML, like Gecko) Chrome/38.0.2125.101 Safari/537.36"
112.200.81.206 - Anonymous [14/Oct/2014:03:08:37 -0400] "GET /++resource++zenui/img/xtheme-zenoss/toolbar/bg-subselect.png HTTP/1.1" 200 3157 "http://ec2-54-211-251-78.compute-1.amazonaws.com:8080/++resource++zenui/css/zenoss.css?v=1394581109.0" "Mozilla/5.0 (Macintosh; Intel Mac OS X 10_9_5) AppleWebKit/537.36 (KHTML, like Gecko) Chrome/38.0.2125.101 Safari/537.36"
112.200.81.206 - Anonymous [14/Oct/2014:03:08:37 -0400] "GET /++resource++zenui/img/ext4/btn/btn-arrowslide.png HTTP/1.1" 200 3737 "http://ec2-54-211-251-78.compute-1.amazonaws.com:8080/++resource++zenui/css/xtheme-zenoss.css?v=1394581109.0" "Mozilla/5.0 (Macintosh; Intel Mac OS X 10_9_5) AppleWebKit/537.36 (KHTML, like Gecko) Chrome/38.0.2125.101 Safari/537.36"
112.200.81.206 - Anonymous [14/Oct/2014:03:08:37 -0400] "GET /++resource++zenui/img/xtheme-zenoss/form/searchfield-sprite.png HTTP/1.1" 200 5548 "http://ec2-54-211-251-78.compute-1.amazonaws.com:8080/++resource++zenui/css/zenoss.css?v=1394581109.0" "Mozilla/5.0 (Macintosh; Intel Mac OS X 10_9_5) AppleWebKit/537.36 (KHTML, like Gecko) Chrome/38.0.2125.101 Safari/537.36"
112.200.81.206 - Anonymous [14/Oct/2014:03:08:37 -0400] "GET /++resource++zenui/img/xtheme-zenoss/grid/grid3-hd-btn.gif HTTP/1.1" 200 1607 "http://ec2-54-211-251-78.compute-1.amazonaws.com:8080/++resource++zenui/css/xtheme-zenoss.css?v=1394581109.0" "Mozilla/5.0 (Macintosh; Intel Mac OS X 10_9_5) AppleWebKit/537.36 (KHTML, like Gecko) Chrome/38.0.2125.101 Safari/537.36"
112.200.81.206 - Anonymous [14/Oct/2014:03:08:37 -0400] "GET /++resource++zenui/img/xtheme-zenoss/button/s-arrow-noline.gif HTTP/1.1" 200 1172 "http://ec2-54-211-251-78.compute-1.amazonaws.com:8080/++resource++zenui/css/xtheme-zenoss.css?v=1394581109.0" "Mozilla/5.0 (Macintosh; Intel Mac OS X 10_9_5) AppleWebKit/537.36 (KHTML, like Gecko) Chrome/38.0.2125.101 Safari/537.36"
112.200.69.35 - Anonymous [14/Oct/2014:03:08:37 -0400] "POST /zport/dmd/jobs_router HTTP/1.1" 200 365 "http://ec2-54-211-251-78.compute-1.amazonaws.com:8080/zport/dmd/Dashboard" "Mozilla/5.0 (Windows NT 6.3; WOW64) AppleWebKit/537.36 (KHTML, like Gecko) Chrome/37.0.2062.124 Safari/537.36"
112.200.81.206 - Anonymous [14/Oct/2014:03:08:37 -0400] "GET /++resource++zenui/img/xtheme-zenoss/icon/severity-sprite-reverse.png HTTP/1.1" 200 4285 "http://ec2-54-211-251-78.compute-1.amazonaws.com:8080/++resource++zenui/css/zenoss.css?v=1394581109.0" "Mozilla/5.0 (Macintosh; Intel Mac OS X 10_9_5) AppleWebKit/537.36 (KHTML, like Gecko) Chrome/38.0.2125.101 Safari/537.36"
112.200.81.206 - Anonymous [14/Oct/2014:03:08:37 -0400] "GET /++resource++zenui/img/xtheme-zenoss/grid/sort_asc.gif HTTP/1.1" 200 1139 "http://ec2-54-211-251-78.compute-1.amazonaws.com:8080/++resource++zenui/css/xtheme-zenoss.css?v=1394581109.0" "Mozilla/5.0 (Macintosh; Intel Mac OS X 10_9_5) AppleWebKit/537.36 (KHTML, like Gecko) Chrome/38.0.2125.101 Safari/537.36"
112.200.81.206 - Anonymous [14/Oct/2014:03:08:37 -0400] "GET /++resource++zenui/img/xtheme-zenoss/form/text-bg.gif HTTP/1.1" 200 1128 "http://ec2-54-211-251-78.compute-1.amazonaws.com:8080/++resource++zenui/css/xtheme-zenoss.css?v=1394581109.0" "Mozilla/5.0 (Macintosh; Intel Mac OS X 10_9_5) AppleWebKit/537.36 (KHTML, like Gecko) Chrome/38.0.2125.101 Safari/537.36"
112.200.81.206 - Anonymous [14/Oct/2014:03:08:37 -0400] "GET /++resource++zenui/img/s.gif HTTP/1.1" 200 350 "http://ec2-54-211-251-78.compute-1.amazonaws.com:8080/zport/dmd/itinfrastructure" "Mozilla/5.0 (Macintosh; Intel Mac OS X 10_9_5) AppleWebKit/537.36 (KHTML, like Gecko) Chrome/38.0.2125.101 Safari/537.36"
112.200.81.206 - Anonymous [14/Oct/2014:03:08:38 -0400] "GET /++resource++zenui/img/xtheme-zenoss/tree/arrows.gif HTTP/1.1" 200 1335 "http://ec2-54-211-251-78.compute-1.amazonaws.com:8080/++resource++zenui/css/xtheme-zenoss.css?v=1394581109.0" "Mozilla/5.0 (Macintosh; Intel Mac OS X 10_9_5) AppleWebKit/537.36 (KHTML, like Gecko) Chrome/38.0.2125.101 Safari/537.36"
112.200.81.206 - Anonymous [14/Oct/2014:03:08:38 -0400] "GET /++resource++zenui/img/xtheme-zenoss/icon/severity-sprite.png HTTP/1.1" 200 4438 "http://ec2-54-211-251-78.compute-1.amazonaws.com:8080/++resource++zenui/css/zenoss.css?v=1394581109.0" "Mozilla/5.0 (Macintosh; Intel Mac OS X 10_9_5) AppleWebKit/537.36 (KHTML, like Gecko) Chrome/38.0.2125.101 Safari/537.36"
112.200.81.206 - Anonymous [14/Oct/2014:03:08:38 -0400] "POST /zport/dmd/device_router HTTP/1.1" 200 446 "http://ec2-54-211-251-78.compute-1.amazonaws.com:8080/zport/dmd/itinfrastructure" "Mozilla/5.0 (Macintosh; Intel Mac OS X 10_9_5) AppleWebKit/537.36 (KHTML, like Gecko) Chrome/38.0.2125.101 Safari/537.36"
112.200.81.206 - Anonymous [14/Oct/2014:03:08:38 -0400] "POST /zport/dmd/messaging_router HTTP/1.1" 200 360 "http://ec2-54-211-251-78.compute-1.amazonaws.com:8080/zport/dmd/itinfrastructure" "Mozilla/5.0 (Macintosh; Intel Mac OS X 10_9_5) AppleWebKit/537.36 (KHTML, like Gecko) Chrome/38.0.2125.101 Safari/537.36"
112.200.81.206 - Anonymous [14/Oct/2014:03:08:38 -0400] "POST /zport/dmd/device_router HTTP/1.1" 200 715 "http://ec2-54-211-251-78.compute-1.amazonaws.com:8080/zport/dmd/itinfrastructure" "Mozilla/5.0 (Macintosh; Intel Mac OS X 10_9_5) AppleWebKit/537.36 (KHTML, like Gecko) Chrome/38.0.2125.101 Safari/537.36"
112.200.81.206 - Anonymous [14/Oct/2014:03:08:38 -0400] "POST /zport/dmd/detailnav_router HTTP/1.1" 200 1687 "http://ec2-54-211-251-78.compute-1.amazonaws.com:8080/zport/dmd/itinfrastructure" "Mozilla/5.0 (Macintosh; Intel Mac OS X 10_9_5) AppleWebKit/537.36 (KHTML, like Gecko) Chrome/38.0.2125.101 Safari/537.36"
112.200.81.206 - Anonymous [14/Oct/2014:03:08:38 -0400] "POST /zport/dmd/messaging_router HTTP/1.1" 200 355 "http://ec2-54-211-251-78.compute-1.amazonaws.com:8080/zport/dmd/itinfrastructure" "Mozilla/5.0 (Macintosh; Intel Mac OS X 10_9_5) AppleWebKit/537.36 (KHTML, like Gecko) Chrome/38.0.2125.101 Safari/537.36"
112.200.81.206 - Anonymous [14/Oct/2014:03:08:39 -0400] "POST /zport/dmd/jobs_router HTTP/1.1" 200 365 "http://ec2-54-211-251-78.compute-1.amazonaws.com:8080/zport/dmd/itinfrastructure" "Mozilla/5.0 (Macintosh; Intel Mac OS X 10_9_5) AppleWebKit/537.36 (KHTML, like Gecko) Chrome/38.0.2125.101 Safari/537.36"
112.200.69.35 - Anonymous [14/Oct/2014:03:08:42 -0400] "POST /zport/dmd/ZenEventManager/getDeviceIssuesJSON HTTP/1.1" 200 320 "http://ec2-54-211-251-78.compute-1.amazonaws.com:8080/zport/dmd/Dashboard" "Mozilla/5.0 (Windows NT 6.3; WOW64) AppleWebKit/537.36 (KHTML, like Gecko) Chrome/37.0.2062.124 Safari/537.36"
112.200.69.35 - Anonymous [14/Oct/2014:03:08:47 -0400] "POST /zport/dmd/jobs_router HTTP/1.1" 200 363 "http://ec2-54-211-251-78.compute-1.amazonaws.com:8080/zport/dmd/Dashboard" "Mozilla/5.0 (Windows NT 6.3; WOW64) AppleWebKit/537.36 (KHTML, like Gecko) Chrome/37.0.2062.124 Safari/537.36"
112.200.81.206 - Anonymous [14/Oct/2014:03:08:49 -0400] "POST /zport/dmd/jobs_router HTTP/1.1" 200 365 "http://ec2-54-211-251-78.compute-1.amazonaws.com:8080/zport/dmd/itinfrastructure" "Mozilla/5.0 (Macintosh; Intel Mac OS X 10_9_5) AppleWebKit/537.36 (KHTML, like Gecko) Chrome/38.0.2125.101 Safari/537.36"
112.200.69.35 - Anonymous [14/Oct/2014:03:08:57 -0400] "POST /zport/dmd/jobs_router HTTP/1.1" 200 364 "http://ec2-54-211-251-78.compute-1.amazonaws.com:8080/zport/dmd/Dashboard" "Mozilla/5.0 (Windows NT 6.3; WOW64) AppleWebKit/537.36 (KHTML, like Gecko) Chrome/37.0.2062.124 Safari/537.36"
112.200.81.206 - Anonymous [14/Oct/2014:03:08:59 -0400] "POST /zport/dmd/jobs_router HTTP/1.1" 200 364 "http://ec2-54-211-251-78.compute-1.amazonaws.com:8080/zport/dmd/itinfrastructure" "Mozilla/5.0 (Macintosh; Intel Mac OS X 10_9_5) AppleWebKit/537.36 (KHTML, like Gecko) Chrome/38.0.2125.101 Safari/537.36"
112.200.81.206 - Anonymous [14/Oct/2014:03:09:07 -0400] "POST /zport/dmd/messaging_router HTTP/1.1" 200 363 "http://ec2-54-211-251-78.compute-1.amazonaws.com:8080/zport/dmd/itinfrastructure" "Mozilla/5.0 (Macintosh; Intel Mac OS X 10_9_5) AppleWebKit/537.36 (KHTML, like Gecko) Chrome/38.0.2125.101 Safari/537.36"
112.200.69.35 - Anonymous [14/Oct/2014:03:09:07 -0400] "POST /zport/dmd/jobs_router HTTP/1.1" 200 364 "http://ec2-54-211-251-78.compute-1.amazonaws.com:8080/zport/dmd/Dashboard" "Mozilla/5.0 (Windows NT 6.3; WOW64) AppleWebKit/537.36 (KHTML, like Gecko) Chrome/37.0.2062.124 Safari/537.36"
112.200.81.206 - Anonymous [14/Oct/2014:03:09:09 -0400] "POST /zport/dmd/jobs_router HTTP/1.1" 200 363 "http://ec2-54-211-251-78.compute-1.amazonaws.com:8080/zport/dmd/itinfrastructure" "Mozilla/5.0 (Macintosh; Intel Mac OS X 10_9_5) AppleWebKit/537.36 (KHTML, like Gecko) Chrome/38.0.2125.101 Safari/537.36"
112.200.69.35 - Anonymous [14/Oct/2014:03:09:17 -0400] "POST /zport/dmd/jobs_router HTTP/1.1" 200 365 "http://ec2-54-211-251-78.compute-1.amazonaws.com:8080/zport/dmd/Dashboard" "Mozilla/5.0 (Windows NT 6.3; WOW64) AppleWebKit/537.36 (KHTML, like Gecko) Chrome/37.0.2062.124 Safari/537.36"
112.200.81.206 - Anonymous [14/Oct/2014:03:09:19 -0400] "POST /zport/dmd/jobs_router HTTP/1.1" 200 364 "http://ec2-54-211-251-78.compute-1.amazonaws.com:8080/zport/dmd/itinfrastructure" "Mozilla/5.0 (Macintosh; Intel Mac OS X 10_9_5) AppleWebKit/537.36 (KHTML, like Gecko) Chrome/38.0.2125.101 Safari/537.36"
112.200.69.35 - Anonymous [14/Oct/2014:03:09:27 -0400] "POST /zport/dmd/jobs_router HTTP/1.1" 200 365 "http://ec2-54-211-251-78.compute-1.amazonaws.com:8080/zport/dmd/Dashboard" "Mozilla/5.0 (Windows NT 6.3; WOW64) AppleWebKit/537.36 (KHTML, like Gecko) Chrome/37.0.2062.124 Safari/537.36"
112.200.81.206 - Anonymous [14/Oct/2014:03:09:29 -0400] "POST /zport/dmd/jobs_router HTTP/1.1" 200 362 "http://ec2-54-211-251-78.compute-1.amazonaws.com:8080/zport/dmd/itinfrastructure" "Mozilla/5.0 (Macintosh; Intel Mac OS X 10_9_5) AppleWebKit/537.36 (KHTML, like Gecko) Chrome/38.0.2125.101 Safari/537.36"
112.200.81.206 - Anonymous [14/Oct/2014:03:09:37 -0400] "POST /zport/dmd/device_router HTTP/1.1" 200 379 "http://ec2-54-211-251-78.compute-1.amazonaws.com:8080/zport/dmd/itinfrastructure" "Mozilla/5.0 (Macintosh; Intel Mac OS X 10_9_5) AppleWebKit/537.36 (KHTML, like Gecko) Chrome/38.0.2125.101 Safari/537.36"
112.200.81.206 - Anonymous [14/Oct/2014:03:09:37 -0400] "POST /zport/dmd/device_router HTTP/1.1" 200 450 "http://ec2-54-211-251-78.compute-1.amazonaws.com:8080/zport/dmd/itinfrastructure" "Mozilla/5.0 (Macintosh; Intel Mac OS X 10_9_5) AppleWebKit/537.36 (KHTML, like Gecko) Chrome/38.0.2125.101 Safari/537.36"
112.200.69.35 - Anonymous [14/Oct/2014:03:09:37 -0400] "POST /zport/dmd/jobs_router HTTP/1.1" 200 364 "http://ec2-54-211-251-78.compute-1.amazonaws.com:8080/zport/dmd/Dashboard" "Mozilla/5.0 (Windows NT 6.3; WOW64) AppleWebKit/537.36 (KHTML, like Gecko) Chrome/37.0.2062.124 Safari/537.36"
112.200.81.206 - Anonymous [14/Oct/2014:03:09:39 -0400] "POST /zport/dmd/jobs_router HTTP/1.1" 200 362 "http://ec2-54-211-251-78.compute-1.amazonaws.com:8080/zport/dmd/itinfrastructure" "Mozilla/5.0 (Macintosh; Intel Mac OS X 10_9_5) AppleWebKit/537.36 (KHTML, like Gecko) Chrome/38.0.2125.101 Safari/537.36"
112.200.69.35 - Anonymous [14/Oct/2014:03:09:44 -0400] "POST /zport/dmd/ZenEventManager/getDeviceIssuesJSON HTTP/1.1" 200 320 "http://ec2-54-211-251-78.compute-1.amazonaws.com:8080/zport/dmd/Dashboard" "Mozilla/5.0 (Windows NT 6.3; WOW64) AppleWebKit/537.36 (KHTML, like Gecko) Chrome/37.0.2062.124 Safari/537.36"
112.200.69.35 - Anonymous [14/Oct/2014:03:09:47 -0400] "POST /zport/dmd/jobs_router HTTP/1.1" 200 364 "http://ec2-54-211-251-78.compute-1.amazonaws.com:8080/zport/dmd/Dashboard" "Mozilla/5.0 (Windows NT 6.3; WOW64) AppleWebKit/537.36 (KHTML, like Gecko) Chrome/37.0.2062.124 Safari/537.36"
112.200.81.206 - Anonymous [14/Oct/2014:03:09:49 -0400] "POST /zport/dmd/jobs_router HTTP/1.1" 200 364 "http://ec2-54-211-251-78.compute-1.amazonaws.com:8080/zport/dmd/itinfrastructure" "Mozilla/5.0 (Macintosh; Intel Mac OS X 10_9_5) AppleWebKit/537.36 (KHTML, like Gecko) Chrome/38.0.2125.101 Safari/537.36"
112.200.69.35 - Anonymous [14/Oct/2014:03:09:57 -0400] "POST /zport/dmd/jobs_router HTTP/1.1" 200 363 "http://ec2-54-211-251-78.compute-1.amazonaws.com:8080/zport/dmd/Dashboard" "Mozilla/5.0 (Windows NT 6.3; WOW64) AppleWebKit/537.36 (KHTML, like Gecko) Chrome/37.0.2062.124 Safari/537.36"
112.200.81.206 - Anonymous [14/Oct/2014:03:09:59 -0400] "POST /zport/dmd/jobs_router HTTP/1.1" 200 365 "http://ec2-54-211-251-78.compute-1.amazonaws.com:8080/zport/dmd/itinfrastructure" "Mozilla/5.0 (Macintosh; Intel Mac OS X 10_9_5) AppleWebKit/537.36 (KHTML, like Gecko) Chrome/38.0.2125.101 Safari/537.36"
112.200.69.35 - Anonymous [14/Oct/2014:03:10:07 -0400] "POST /zport/dmd/jobs_router HTTP/1.1" 200 363 "http://ec2-54-211-251-78.compute-1.amazonaws.com:8080/zport/dmd/Dashboard" "Mozilla/5.0 (Windows NT 6.3; WOW64) AppleWebKit/537.36 (KHTML, like Gecko) Chrome/37.0.2062.124 Safari/537.36"
112.200.81.206 - Anonymous [14/Oct/2014:03:10:09 -0400] "POST /zport/dmd/jobs_router HTTP/1.1" 200 363 "http://ec2-54-211-251-78.compute-1.amazonaws.com:8080/zport/dmd/itinfrastructure" "Mozilla/5.0 (Macintosh; Intel Mac OS X 10_9_5) AppleWebKit/537.36 (KHTML, like Gecko) Chrome/38.0.2125.101 Safari/537.36"
112.200.69.35 - Anonymous [14/Oct/2014:03:10:17 -0400] "POST /zport/dmd/jobs_router HTTP/1.1" 200 362 "http://ec2-54-211-251-78.compute-1.amazonaws.com:8080/zport/dmd/Dashboard" "Mozilla/5.0 (Windows NT 6.3; WOW64) AppleWebKit/537.36 (KHTML, like Gecko) Chrome/37.0.2062.124 Safari/537.36"
112.200.81.206 - Anonymous [14/Oct/2014:03:10:19 -0400] "POST /zport/dmd/jobs_router HTTP/1.1" 200 363 "http://ec2-54-211-251-78.compute-1.amazonaws.com:8080/zport/dmd/itinfrastructure" "Mozilla/5.0 (Macintosh; Intel Mac OS X 10_9_5) AppleWebKit/537.36 (KHTML, like Gecko) Chrome/38.0.2125.101 Safari/537.36"
112.200.69.35 - Anonymous [14/Oct/2014:03:10:27 -0400] "POST /zport/dmd/jobs_router HTTP/1.1" 200 364 "http://ec2-54-211-251-78.compute-1.amazonaws.com:8080/zport/dmd/Dashboard" "Mozilla/5.0 (Windows NT 6.3; WOW64) AppleWebKit/537.36 (KHTML, like Gecko) Chrome/37.0.2062.124 Safari/537.36"
112.200.81.206 - Anonymous [14/Oct/2014:03:10:29 -0400] "POST /zport/dmd/jobs_router HTTP/1.1" 200 364 "http://ec2-54-211-251-78.compute-1.amazonaws.com:8080/zport/dmd/itinfrastructure" "Mozilla/5.0 (Macintosh; Intel Mac OS X 10_9_5) AppleWebKit/537.36 (KHTML, like Gecko) Chrome/38.0.2125.101 Safari/537.36"
112.200.81.206 - Anonymous [14/Oct/2014:03:10:37 -0400] "POST /zport/dmd/device_router HTTP/1.1" 200 379 "http://ec2-54-211-251-78.compute-1.amazonaws.com:8080/zport/dmd/itinfrastructure" "Mozilla/5.0 (Macintosh; Intel Mac OS X 10_9_5) AppleWebKit/537.36 (KHTML, like Gecko) Chrome/38.0.2125.101 Safari/537.36"
112.200.81.206 - Anonymous [14/Oct/2014:03:10:37 -0400] "POST /zport/dmd/device_router HTTP/1.1" 200 448 "http://ec2-54-211-251-78.compute-1.amazonaws.com:8080/zport/dmd/itinfrastructure" "Mozilla/5.0 (Macintosh; Intel Mac OS X 10_9_5) AppleWebKit/537.36 (KHTML, like Gecko) Chrome/38.0.2125.101 Safari/537.36"
112.200.69.35 - Anonymous [14/Oct/2014:03:10:37 -0400] "POST /zport/dmd/jobs_router HTTP/1.1" 200 363 "http://ec2-54-211-251-78.compute-1.amazonaws.com:8080/zport/dmd/Dashboard" "Mozilla/5.0 (Windows NT 6.3; WOW64) AppleWebKit/537.36 (KHTML, like Gecko) Chrome/37.0.2062.124 Safari/537.36"
112.200.81.206 - Anonymous [14/Oct/2014:03:10:39 -0400] "POST /zport/dmd/jobs_router HTTP/1.1" 200 363 "http://ec2-54-211-251-78.compute-1.amazonaws.com:8080/zport/dmd/itinfrastructure" "Mozilla/5.0 (Macintosh; Intel Mac OS X 10_9_5) AppleWebKit/537.36 (KHTML, like Gecko) Chrome/38.0.2125.101 Safari/537.36"
112.200.69.35 - Anonymous [14/Oct/2014:03:10:43 -0400] "POST /zport/dmd/ZenEventManager/getDeviceIssuesJSON HTTP/1.1" 200 320 "http://ec2-54-211-251-78.compute-1.amazonaws.com:8080/zport/dmd/Dashboard" "Mozilla/5.0 (Windows NT 6.3; WOW64) AppleWebKit/537.36 (KHTML, like Gecko) Chrome/37.0.2062.124 Safari/537.36"
112.200.69.35 - Anonymous [14/Oct/2014:03:10:47 -0400] "POST /zport/dmd/jobs_router HTTP/1.1" 200 363 "http://ec2-54-211-251-78.compute-1.amazonaws.com:8080/zport/dmd/Dashboard" "Mozilla/5.0 (Windows NT 6.3; WOW64) AppleWebKit/537.36 (KHTML, like Gecko) Chrome/37.0.2062.124 Safari/537.36"
112.200.81.206 - Anonymous [14/Oct/2014:03:10:49 -0400] "POST /zport/dmd/jobs_router HTTP/1.1" 200 364 "http://ec2-54-211-251-78.compute-1.amazonaws.com:8080/zport/dmd/itinfrastructure" "Mozilla/5.0 (Macintosh; Intel Mac OS X 10_9_5) AppleWebKit/537.36 (KHTML, like Gecko) Chrome/38.0.2125.101 Safari/537.36"
112.200.69.35 - Anonymous [14/Oct/2014:03:10:57 -0400] "POST /zport/dmd/jobs_router HTTP/1.1" 200 364 "http://ec2-54-211-251-78.compute-1.amazonaws.com:8080/zport/dmd/Dashboard" "Mozilla/5.0 (Windows NT 6.3; WOW64) AppleWebKit/537.36 (KHTML, like Gecko) Chrome/37.0.2062.124 Safari/537.36"
112.200.81.206 - Anonymous [14/Oct/2014:03:10:59 -0400] "POST /zport/dmd/jobs_router HTTP/1.1" 200 363 "http://ec2-54-211-251-78.compute-1.amazonaws.com:8080/zport/dmd/itinfrastructure" "Mozilla/5.0 (Macintosh; Intel Mac OS X 10_9_5) AppleWebKit/537.36 (KHTML, like Gecko) Chrome/38.0.2125.101 Safari/537.36"
112.200.69.35 - Anonymous [14/Oct/2014:03:11:07 -0400] "POST /zport/dmd/jobs_router HTTP/1.1" 200 364 "http://ec2-54-211-251-78.compute-1.amazonaws.com:8080/zport/dmd/Dashboard" "Mozilla/5.0 (Windows NT 6.3; WOW64) AppleWebKit/537.36 (KHTML, like Gecko) Chrome/37.0.2062.124 Safari/537.36"
112.200.81.206 - Anonymous [14/Oct/2014:03:11:09 -0400] "POST /zport/dmd/jobs_router HTTP/1.1" 200 363 "http://ec2-54-211-251-78.compute-1.amazonaws.com:8080/zport/dmd/itinfrastructure" "Mozilla/5.0 (Macintosh; Intel Mac OS X 10_9_5) AppleWebKit/537.36 (KHTML, like Gecko) Chrome/38.0.2125.101 Safari/537.36"
112.200.69.35 - Anonymous [14/Oct/2014:03:11:17 -0400] "POST /zport/dmd/jobs_router HTTP/1.1" 200 363 "http://ec2-54-211-251-78.compute-1.amazonaws.com:8080/zport/dmd/Dashboard" "Mozilla/5.0 (Windows NT 6.3; WOW64) AppleWebKit/537.36 (KHTML, like Gecko) Chrome/37.0.2062.124 Safari/537.36"
112.200.81.206 - Anonymous [14/Oct/2014:03:11:19 -0400] "POST /zport/dmd/jobs_router HTTP/1.1" 200 365 "http://ec2-54-211-251-78.compute-1.amazonaws.com:8080/zport/dmd/itinfrastructure" "Mozilla/5.0 (Macintosh; Intel Mac OS X 10_9_5) AppleWebKit/537.36 (KHTML, like Gecko) Chrome/38.0.2125.101 Safari/537.36"
112.200.69.35 - Anonymous [14/Oct/2014:03:11:27 -0400] "POST /zport/dmd/jobs_router HTTP/1.1" 200 363 "http://ec2-54-211-251-78.compute-1.amazonaws.com:8080/zport/dmd/Dashboard" "Mozilla/5.0 (Windows NT 6.3; WOW64) AppleWebKit/537.36 (KHTML, like Gecko) Chrome/37.0.2062.124 Safari/537.36"
112.200.81.206 - Anonymous [14/Oct/2014:03:11:30 -0400] "POST /zport/dmd/jobs_router HTTP/1.1" 200 364 "http://ec2-54-211-251-78.compute-1.amazonaws.com:8080/zport/dmd/itinfrastructure" "Mozilla/5.0 (Macintosh; Intel Mac OS X 10_9_5) AppleWebKit/537.36 (KHTML, like Gecko) Chrome/38.0.2125.101 Safari/537.36"
112.200.69.35 - Anonymous [14/Oct/2014:03:11:37 -0400] "POST /zport/dmd/jobs_router HTTP/1.1" 200 365 "http://ec2-54-211-251-78.compute-1.amazonaws.com:8080/zport/dmd/Dashboard" "Mozilla/5.0 (Windows NT 6.3; WOW64) AppleWebKit/537.36 (KHTML, like Gecko) Chrome/37.0.2062.124 Safari/537.36"
112.200.81.206 - Anonymous [14/Oct/2014:03:11:37 -0400] "POST /zport/dmd/device_router HTTP/1.1" 200 380 "http://ec2-54-211-251-78.compute-1.amazonaws.com:8080/zport/dmd/itinfrastructure" "Mozilla/5.0 (Macintosh; Intel Mac OS X 10_9_5) AppleWebKit/537.36 (KHTML, like Gecko) Chrome/38.0.2125.101 Safari/537.36"
112.200.81.206 - Anonymous [14/Oct/2014:03:11:37 -0400] "POST /zport/dmd/device_router HTTP/1.1" 200 449 "http://ec2-54-211-251-78.compute-1.amazonaws.com:8080/zport/dmd/itinfrastructure" "Mozilla/5.0 (Macintosh; Intel Mac OS X 10_9_5) AppleWebKit/537.36 (KHTML, like Gecko) Chrome/38.0.2125.101 Safari/537.36"
112.200.81.206 - Anonymous [14/Oct/2014:03:11:42 -0400] "POST /zport/dmd/jobs_router HTTP/1.1" 200 363 "http://ec2-54-211-251-78.compute-1.amazonaws.com:8080/zport/dmd/itinfrastructure" "Mozilla/5.0 (Macintosh; Intel Mac OS X 10_9_5) AppleWebKit/537.36 (KHTML, like Gecko) Chrome/38.0.2125.101 Safari/537.36"
112.200.69.35 - Anonymous [14/Oct/2014:03:11:43 -0400] "POST /zport/dmd/ZenEventManager/getDeviceIssuesJSON HTTP/1.1" 200 320 "http://ec2-54-211-251-78.compute-1.amazonaws.com:8080/zport/dmd/Dashboard" "Mozilla/5.0 (Windows NT 6.3; WOW64) AppleWebKit/537.36 (KHTML, like Gecko) Chrome/37.0.2062.124 Safari/537.36"
112.200.69.35 - Anonymous [14/Oct/2014:03:11:47 -0400] "POST /zport/dmd/jobs_router HTTP/1.1" 200 364 "http://ec2-54-211-251-78.compute-1.amazonaws.com:8080/zport/dmd/Dashboard" "Mozilla/5.0 (Windows NT 6.3; WOW64) AppleWebKit/537.36 (KHTML, like Gecko) Chrome/37.0.2062.124 Safari/537.36"
112.200.81.206 - Anonymous [14/Oct/2014:03:11:52 -0400] "POST /zport/dmd/jobs_router HTTP/1.1" 200 364 "http://ec2-54-211-251-78.compute-1.amazonaws.com:8080/zport/dmd/itinfrastructure" "Mozilla/5.0 (Macintosh; Intel Mac OS X 10_9_5) AppleWebKit/537.36 (KHTML, like Gecko) Chrome/38.0.2125.101 Safari/537.36"
112.200.69.35 - Anonymous [14/Oct/2014:03:11:57 -0400] "POST /zport/dmd/jobs_router HTTP/1.1" 200 364 "http://ec2-54-211-251-78.compute-1.amazonaws.com:8080/zport/dmd/Dashboard" "Mozilla/5.0 (Windows NT 6.3; WOW64) AppleWebKit/537.36 (KHTML, like Gecko) Chrome/37.0.2062.124 Safari/537.36"
112.200.81.206 - Anonymous [14/Oct/2014:03:12:03 -0400] "POST /zport/dmd/jobs_router HTTP/1.1" 200 363 "http://ec2-54-211-251-78.compute-1.amazonaws.com:8080/zport/dmd/itinfrastructure" "Mozilla/5.0 (Macintosh; Intel Mac OS X 10_9_5) AppleWebKit/537.36 (KHTML, like Gecko) Chrome/38.0.2125.101 Safari/537.36"
112.200.69.35 - Anonymous [14/Oct/2014:03:12:07 -0400] "POST /zport/dmd/jobs_router HTTP/1.1" 200 364 "http://ec2-54-211-251-78.compute-1.amazonaws.com:8080/zport/dmd/Dashboard" "Mozilla/5.0 (Windows NT 6.3; WOW64) AppleWebKit/537.36 (KHTML, like Gecko) Chrome/37.0.2062.124 Safari/537.36"
112.200.69.35 - Anonymous [14/Oct/2014:03:12:28 -0400] "GET /++resource++zenui/img/ext4/window/close-button.png HTTP/1.1" 200 3514 "http://ec2-54-211-251-78.compute-1.amazonaws.com:8080/++resource++zenui/css/xtheme-zenoss.css?v=1394581109.0" "Mozilla/5.0 (Windows NT 6.3; WOW64) AppleWebKit/537.36 (KHTML, like Gecko) Chrome/37.0.2062.124 Safari/537.36"
112.200.69.35 - Anonymous [14/Oct/2014:03:12:29 -0400] "POST /zport/dmd/jobs_router HTTP/1.1" 200 363 "http://ec2-54-211-251-78.compute-1.amazonaws.com:8080/zport/dmd/Dashboard" "Mozilla/5.0 (Windows NT 6.3; WOW64) AppleWebKit/537.36 (KHTML, like Gecko) Chrome/37.0.2062.124 Safari/537.36"
112.200.81.206 - Anonymous [14/Oct/2014:03:12:29 -0400] "POST /zport/dmd/jobs_router HTTP/1.1" 200 365 "http://ec2-54-211-251-78.compute-1.amazonaws.com:8080/zport/dmd/itinfrastructure" "Mozilla/5.0 (Macintosh; Intel Mac OS X 10_9_5) AppleWebKit/537.36 (KHTML, like Gecko) Chrome/38.0.2125.101 Safari/537.36"
112.200.81.206 - Anonymous [14/Oct/2014:03:12:36 -0400] "POST /zport/dmd/jobs_router HTTP/1.1" 200 363 "http://ec2-54-211-251-78.compute-1.amazonaws.com:8080/zport/dmd/itinfrastructure" "Mozilla/5.0 (Macintosh; Intel Mac OS X 10_9_5) AppleWebKit/537.36 (KHTML, like Gecko) Chrome/38.0.2125.101 Safari/537.36"
112.200.69.35 - Anonymous [14/Oct/2014:03:12:37 -0400] "POST /zport/dmd/jobs_router HTTP/1.1" 200 365 "http://ec2-54-211-251-78.compute-1.amazonaws.com:8080/zport/dmd/Dashboard" "Mozilla/5.0 (Windows NT 6.3; WOW64) AppleWebKit/537.36 (KHTML, like Gecko) Chrome/37.0.2062.124 Safari/537.36"
112.200.81.206 - Anonymous [14/Oct/2014:03:12:38 -0400] "POST /zport/dmd/device_router HTTP/1.1" 200 380 "http://ec2-54-211-251-78.compute-1.amazonaws.com:8080/zport/dmd/itinfrastructure" "Mozilla/5.0 (Macintosh; Intel Mac OS X 10_9_5) AppleWebKit/537.36 (KHTML, like Gecko) Chrome/38.0.2125.101 Safari/537.36"
112.200.81.206 - Anonymous [14/Oct/2014:03:12:39 -0400] "POST /zport/dmd/device_router HTTP/1.1" 200 448 "http://ec2-54-211-251-78.compute-1.amazonaws.com:8080/zport/dmd/itinfrastructure" "Mozilla/5.0 (Macintosh; Intel Mac OS X 10_9_5) AppleWebKit/537.36 (KHTML, like Gecko) Chrome/38.0.2125.101 Safari/537.36"
112.200.69.35 - Anonymous [14/Oct/2014:03:12:43 -0400] "POST /zport/dmd/ZenEventManager/getDeviceIssuesJSON HTTP/1.1" 200 320 "http://ec2-54-211-251-78.compute-1.amazonaws.com:8080/zport/dmd/Dashboard" "Mozilla/5.0 (Windows NT 6.3; WOW64) AppleWebKit/537.36 (KHTML, like Gecko) Chrome/37.0.2062.124 Safari/537.36"
112.200.69.35 - Anonymous [14/Oct/2014:03:12:47 -0400] "POST /zport/dmd/jobs_router HTTP/1.1" 200 362 "http://ec2-54-211-251-78.compute-1.amazonaws.com:8080/zport/dmd/Dashboard" "Mozilla/5.0 (Windows NT 6.3; WOW64) AppleWebKit/537.36 (KHTML, like Gecko) Chrome/37.0.2062.124 Safari/537.36"
112.200.81.206 - Anonymous [14/Oct/2014:03:12:47 -0400] "POST /zport/dmd/jobs_router HTTP/1.1" 200 364 "http://ec2-54-211-251-78.compute-1.amazonaws.com:8080/zport/dmd/itinfrastructure" "Mozilla/5.0 (Macintosh; Intel Mac OS X 10_9_5) AppleWebKit/537.36 (KHTML, like Gecko) Chrome/38.0.2125.101 Safari/537.36"
112.200.69.35 - Anonymous [14/Oct/2014:03:12:57 -0400] "POST /zport/dmd/jobs_router HTTP/1.1" 200 364 "http://ec2-54-211-251-78.compute-1.amazonaws.com:8080/zport/dmd/Dashboard" "Mozilla/5.0 (Windows NT 6.3; WOW64) AppleWebKit/537.36 (KHTML, like Gecko) Chrome/37.0.2062.124 Safari/537.36"
112.200.81.206 - Anonymous [14/Oct/2014:03:12:59 -0400] "POST /zport/dmd/jobs_router HTTP/1.1" 200 362 "http://ec2-54-211-251-78.compute-1.amazonaws.com:8080/zport/dmd/itinfrastructure" "Mozilla/5.0 (Macintosh; Intel Mac OS X 10_9_5) AppleWebKit/537.36 (KHTML, like Gecko) Chrome/38.0.2125.101 Safari/537.36"
112.200.69.35 - Anonymous [14/Oct/2014:03:13:07 -0400] "POST /zport/dmd/jobs_router HTTP/1.1" 200 364 "http://ec2-54-211-251-78.compute-1.amazonaws.com:8080/zport/dmd/Dashboard" "Mozilla/5.0 (Windows NT 6.3; WOW64) AppleWebKit/537.36 (KHTML, like Gecko) Chrome/37.0.2062.124 Safari/537.36"
112.200.81.206 - Anonymous [14/Oct/2014:03:13:09 -0400] "POST /zport/dmd/jobs_router HTTP/1.1" 200 364 "http://ec2-54-211-251-78.compute-1.amazonaws.com:8080/zport/dmd/itinfrastructure" "Mozilla/5.0 (Macintosh; Intel Mac OS X 10_9_5) AppleWebKit/537.36 (KHTML, like Gecko) Chrome/38.0.2125.101 Safari/537.36"
112.200.69.35 - Anonymous [14/Oct/2014:03:13:17 -0400] "POST /zport/dmd/jobs_router HTTP/1.1" 200 363 "http://ec2-54-211-251-78.compute-1.amazonaws.com:8080/zport/dmd/Dashboard" "Mozilla/5.0 (Windows NT 6.3; WOW64) AppleWebKit/537.36 (KHTML, like Gecko) Chrome/37.0.2062.124 Safari/537.36"
112.200.81.206 - Anonymous [14/Oct/2014:03:13:21 -0400] "POST /zport/dmd/jobs_router HTTP/1.1" 200 363 "http://ec2-54-211-251-78.compute-1.amazonaws.com:8080/zport/dmd/itinfrastructure" "Mozilla/5.0 (Macintosh; Intel Mac OS X 10_9_5) AppleWebKit/537.36 (KHTML, like Gecko) Chrome/38.0.2125.101 Safari/537.36"
112.200.69.35 - Anonymous [14/Oct/2014:03:13:27 -0400] "POST /zport/dmd/jobs_router HTTP/1.1" 200 363 "http://ec2-54-211-251-78.compute-1.amazonaws.com:8080/zport/dmd/Dashboard" "Mozilla/5.0 (Windows NT 6.3; WOW64) AppleWebKit/537.36 (KHTML, like Gecko) Chrome/37.0.2062.124 Safari/537.36"
112.200.81.206 - Anonymous [14/Oct/2014:03:13:31 -0400] "POST /zport/dmd/jobs_router HTTP/1.1" 200 364 "http://ec2-54-211-251-78.compute-1.amazonaws.com:8080/zport/dmd/itinfrastructure" "Mozilla/5.0 (Macintosh; Intel Mac OS X 10_9_5) AppleWebKit/537.36 (KHTML, like Gecko) Chrome/38.0.2125.101 Safari/537.36"
112.200.69.35 - Anonymous [14/Oct/2014:03:13:37 -0400] "POST /zport/dmd/jobs_router HTTP/1.1" 200 364 "http://ec2-54-211-251-78.compute-1.amazonaws.com:8080/zport/dmd/Dashboard" "Mozilla/5.0 (Windows NT 6.3; WOW64) AppleWebKit/537.36 (KHTML, like Gecko) Chrome/37.0.2062.124 Safari/537.36"
112.200.81.206 - Anonymous [14/Oct/2014:03:13:40 -0400] "POST /zport/dmd/device_router HTTP/1.1" 200 379 "http://ec2-54-211-251-78.compute-1.amazonaws.com:8080/zport/dmd/itinfrastructure" "Mozilla/5.0 (Macintosh; Intel Mac OS X 10_9_5) AppleWebKit/537.36 (KHTML, like Gecko) Chrome/38.0.2125.101 Safari/537.36"
112.200.81.206 - Anonymous [14/Oct/2014:03:13:40 -0400] "POST /zport/dmd/device_router HTTP/1.1" 200 449 "http://ec2-54-211-251-78.compute-1.amazonaws.com:8080/zport/dmd/itinfrastructure" "Mozilla/5.0 (Macintosh; Intel Mac OS X 10_9_5) AppleWebKit/537.36 (KHTML, like Gecko) Chrome/38.0.2125.101 Safari/537.36"
112.200.81.206 - Anonymous [14/Oct/2014:03:13:41 -0400] "POST /zport/dmd/jobs_router HTTP/1.1" 200 363 "http://ec2-54-211-251-78.compute-1.amazonaws.com:8080/zport/dmd/itinfrastructure" "Mozilla/5.0 (Macintosh; Intel Mac OS X 10_9_5) AppleWebKit/537.36 (KHTML, like Gecko) Chrome/38.0.2125.101 Safari/537.36"
112.200.69.35 - Anonymous [14/Oct/2014:03:13:43 -0400] "POST /zport/dmd/ZenEventManager/getDeviceIssuesJSON HTTP/1.1" 200 320 "http://ec2-54-211-251-78.compute-1.amazonaws.com:8080/zport/dmd/Dashboard" "Mozilla/5.0 (Windows NT 6.3; WOW64) AppleWebKit/537.36 (KHTML, like Gecko) Chrome/37.0.2062.124 Safari/537.36"
112.200.69.35 - Anonymous [14/Oct/2014:03:13:47 -0400] "POST /zport/dmd/jobs_router HTTP/1.1" 200 363 "http://ec2-54-211-251-78.compute-1.amazonaws.com:8080/zport/dmd/Dashboard" "Mozilla/5.0 (Windows NT 6.3; WOW64) AppleWebKit/537.36 (KHTML, like Gecko) Chrome/37.0.2062.124 Safari/537.36"
112.200.81.206 - Anonymous [14/Oct/2014:03:13:52 -0400] "POST /zport/dmd/jobs_router HTTP/1.1" 200 363 "http://ec2-54-211-251-78.compute-1.amazonaws.com:8080/zport/dmd/itinfrastructure" "Mozilla/5.0 (Macintosh; Intel Mac OS X 10_9_5) AppleWebKit/537.36 (KHTML, like Gecko) Chrome/38.0.2125.101 Safari/537.36"
112.200.69.35 - Anonymous [14/Oct/2014:03:13:57 -0400] "POST /zport/dmd/jobs_router HTTP/1.1" 200 363 "http://ec2-54-211-251-78.compute-1.amazonaws.com:8080/zport/dmd/Dashboard" "Mozilla/5.0 (Windows NT 6.3; WOW64) AppleWebKit/537.36 (KHTML, like Gecko) Chrome/37.0.2062.124 Safari/537.36"
112.200.81.206 - Anonymous [14/Oct/2014:03:14:03 -0400] "POST /zport/dmd/jobs_router HTTP/1.1" 200 364 "http://ec2-54-211-251-78.compute-1.amazonaws.com:8080/zport/dmd/itinfrastructure" "Mozilla/5.0 (Macintosh; Intel Mac OS X 10_9_5) AppleWebKit/537.36 (KHTML, like Gecko) Chrome/38.0.2125.101 Safari/537.36"
112.200.69.35 - Anonymous [14/Oct/2014:03:14:07 -0400] "POST /zport/dmd/jobs_router HTTP/1.1" 200 365 "http://ec2-54-211-251-78.compute-1.amazonaws.com:8080/zport/dmd/Dashboard" "Mozilla/5.0 (Windows NT 6.3; WOW64) AppleWebKit/537.36 (KHTML, like Gecko) Chrome/37.0.2062.124 Safari/537.36"
112.200.69.35 - Anonymous [14/Oct/2014:03:14:12 -0400] "GET /zport/dmd/Dashboard HTTP/1.1" 200 9133 "" "Mozilla/5.0 (Windows NT 6.3; WOW64) AppleWebKit/537.36 (KHTML, like Gecko) Chrome/37.0.2062.124 Safari/537.36"
112.200.69.35 - Anonymous [14/Oct/2014:03:14:13 -0400] "GET /zport/dmd/extdirect.js?v=4.2.5 HTTP/1.1" 200 2172 "http://ec2-54-211-251-78.compute-1.amazonaws.com:8080/zport/dmd/Dashboard" "Mozilla/5.0 (Windows NT 6.3; WOW64) AppleWebKit/537.36 (KHTML, like Gecko) Chrome/37.0.2062.124 Safari/537.36"
112.200.69.35 - Anonymous [14/Oct/2014:03:14:14 -0400] "GET /zport/dmd/zenoss-all.js?v=1394581211.0 HTTP/1.1" 302 238 "http://ec2-54-211-251-78.compute-1.amazonaws.com:8080/zport/dmd/Dashboard" "Mozilla/5.0 (Windows NT 6.3; WOW64) AppleWebKit/537.36 (KHTML, like Gecko) Chrome/37.0.2062.124 Safari/537.36"
112.200.69.35 - Anonymous [14/Oct/2014:03:14:14 -0400] "GET /++resource++zenui/css/backcompat.css?v=1394581109.0 HTTP/1.1" 304 228 "http://ec2-54-211-251-78.compute-1.amazonaws.com:8080/zport/dmd/Dashboard" "Mozilla/5.0 (Windows NT 6.3; WOW64) AppleWebKit/537.36 (KHTML, like Gecko) Chrome/37.0.2062.124 Safari/537.36"
112.200.69.35 - Anonymous [14/Oct/2014:03:14:14 -0400] "GET /zport/dmd/i18n.js?v=4.2.5 HTTP/1.1" 200 203 "http://ec2-54-211-251-78.compute-1.amazonaws.com:8080/zport/dmd/Dashboard" "Mozilla/5.0 (Windows NT 6.3; WOW64) AppleWebKit/537.36 (KHTML, like Gecko) Chrome/37.0.2062.124 Safari/537.36"
112.200.69.35 - Anonymous [14/Oct/2014:03:14:14 -0400] "GET /zport/dmd/tooltips.js HTTP/1.1" 200 248 "http://ec2-54-211-251-78.compute-1.amazonaws.com:8080/zport/dmd/Dashboard" "Mozilla/5.0 (Windows NT 6.3; WOW64) AppleWebKit/537.36 (KHTML, like Gecko) Chrome/37.0.2062.124 Safari/537.36"
